../Drivers/CMSIS/Include/core_cm0plus.h:741:22:__NVIC_EnableIRQ	16	static,ignoring_inline_asm
../Drivers/CMSIS/Include/core_cm0plus.h:850:22:__NVIC_SetPriority	24	static
../Core/Src/main.c:96:5:main	8	static
../Core/Src/main.c:153:6:SystemClock_Config	88	static
../Core/Src/main.c:195:6:MX_USART2_UART_Init2	8	static
../Core/Src/main.c:210:13:MX_USART2_UART_Init	8	static
../Core/Src/main.c:258:13:MX_DMA_Init	16	static
../Core/Src/main.c:299:13:MX_GPIO_Init	48	static
../Core/Src/main.c:332:6:Error_Handler	8	static,ignoring_inline_asm
