Archive member included to satisfy reference by file (symbol)

C:/ST/STM32CubeIDE_1.16.0/STM32CubeIDE/plugins/com.st.stm32cube.ide.mcu.externaltools.gnu-tools-for-stm32.12.3.rel1.win32_1.0.200.202406191623/tools/bin/../lib/gcc/arm-none-eabi/12.3.1/../../../../arm-none-eabi/lib/thumb/v6-m/nofp\libc_nano.a(libc_a-exit.o)
                              C:/ST/STM32CubeIDE_1.16.0/STM32CubeIDE/plugins/com.st.stm32cube.ide.mcu.externaltools.gnu-tools-for-stm32.12.3.rel1.win32_1.0.200.202406191623/tools/bin/../lib/gcc/arm-none-eabi/12.3.1/../../../../arm-none-eabi/lib/thumb/v6-m/nofp/crt0.o (exit)
C:/ST/STM32CubeIDE_1.16.0/STM32CubeIDE/plugins/com.st.stm32cube.ide.mcu.externaltools.gnu-tools-for-stm32.12.3.rel1.win32_1.0.200.202406191623/tools/bin/../lib/gcc/arm-none-eabi/12.3.1/../../../../arm-none-eabi/lib/thumb/v6-m/nofp\libc_nano.a(libc_a-findfp.o)
                              C:/ST/STM32CubeIDE_1.16.0/STM32CubeIDE/plugins/com.st.stm32cube.ide.mcu.externaltools.gnu-tools-for-stm32.12.3.rel1.win32_1.0.200.202406191623/tools/bin/../lib/gcc/arm-none-eabi/12.3.1/../../../../arm-none-eabi/lib/thumb/v6-m/nofp\libc_nano.a(libc_a-exit.o) (__stdio_exit_handler)
C:/ST/STM32CubeIDE_1.16.0/STM32CubeIDE/plugins/com.st.stm32cube.ide.mcu.externaltools.gnu-tools-for-stm32.12.3.rel1.win32_1.0.200.202406191623/tools/bin/../lib/gcc/arm-none-eabi/12.3.1/../../../../arm-none-eabi/lib/thumb/v6-m/nofp\libc_nano.a(libc_a-fwalk.o)
                              C:/ST/STM32CubeIDE_1.16.0/STM32CubeIDE/plugins/com.st.stm32cube.ide.mcu.externaltools.gnu-tools-for-stm32.12.3.rel1.win32_1.0.200.202406191623/tools/bin/../lib/gcc/arm-none-eabi/12.3.1/../../../../arm-none-eabi/lib/thumb/v6-m/nofp\libc_nano.a(libc_a-findfp.o) (_fwalk_sglue)
C:/ST/STM32CubeIDE_1.16.0/STM32CubeIDE/plugins/com.st.stm32cube.ide.mcu.externaltools.gnu-tools-for-stm32.12.3.rel1.win32_1.0.200.202406191623/tools/bin/../lib/gcc/arm-none-eabi/12.3.1/../../../../arm-none-eabi/lib/thumb/v6-m/nofp\libc_nano.a(libc_a-stdio.o)
                              C:/ST/STM32CubeIDE_1.16.0/STM32CubeIDE/plugins/com.st.stm32cube.ide.mcu.externaltools.gnu-tools-for-stm32.12.3.rel1.win32_1.0.200.202406191623/tools/bin/../lib/gcc/arm-none-eabi/12.3.1/../../../../arm-none-eabi/lib/thumb/v6-m/nofp\libc_nano.a(libc_a-findfp.o) (__sread)
C:/ST/STM32CubeIDE_1.16.0/STM32CubeIDE/plugins/com.st.stm32cube.ide.mcu.externaltools.gnu-tools-for-stm32.12.3.rel1.win32_1.0.200.202406191623/tools/bin/../lib/gcc/arm-none-eabi/12.3.1/../../../../arm-none-eabi/lib/thumb/v6-m/nofp\libc_nano.a(libc_a-memset.o)
                              C:/ST/STM32CubeIDE_1.16.0/STM32CubeIDE/plugins/com.st.stm32cube.ide.mcu.externaltools.gnu-tools-for-stm32.12.3.rel1.win32_1.0.200.202406191623/tools/bin/../lib/gcc/arm-none-eabi/12.3.1/../../../../arm-none-eabi/lib/thumb/v6-m/nofp/crt0.o (memset)
C:/ST/STM32CubeIDE_1.16.0/STM32CubeIDE/plugins/com.st.stm32cube.ide.mcu.externaltools.gnu-tools-for-stm32.12.3.rel1.win32_1.0.200.202406191623/tools/bin/../lib/gcc/arm-none-eabi/12.3.1/../../../../arm-none-eabi/lib/thumb/v6-m/nofp\libc_nano.a(libc_a-closer.o)
                              C:/ST/STM32CubeIDE_1.16.0/STM32CubeIDE/plugins/com.st.stm32cube.ide.mcu.externaltools.gnu-tools-for-stm32.12.3.rel1.win32_1.0.200.202406191623/tools/bin/../lib/gcc/arm-none-eabi/12.3.1/../../../../arm-none-eabi/lib/thumb/v6-m/nofp\libc_nano.a(libc_a-stdio.o) (_close_r)
C:/ST/STM32CubeIDE_1.16.0/STM32CubeIDE/plugins/com.st.stm32cube.ide.mcu.externaltools.gnu-tools-for-stm32.12.3.rel1.win32_1.0.200.202406191623/tools/bin/../lib/gcc/arm-none-eabi/12.3.1/../../../../arm-none-eabi/lib/thumb/v6-m/nofp\libc_nano.a(libc_a-reent.o)
                              C:/ST/STM32CubeIDE_1.16.0/STM32CubeIDE/plugins/com.st.stm32cube.ide.mcu.externaltools.gnu-tools-for-stm32.12.3.rel1.win32_1.0.200.202406191623/tools/bin/../lib/gcc/arm-none-eabi/12.3.1/../../../../arm-none-eabi/lib/thumb/v6-m/nofp\libc_nano.a(libc_a-closer.o) (errno)
C:/ST/STM32CubeIDE_1.16.0/STM32CubeIDE/plugins/com.st.stm32cube.ide.mcu.externaltools.gnu-tools-for-stm32.12.3.rel1.win32_1.0.200.202406191623/tools/bin/../lib/gcc/arm-none-eabi/12.3.1/../../../../arm-none-eabi/lib/thumb/v6-m/nofp\libc_nano.a(libc_a-impure.o)
                              C:/ST/STM32CubeIDE_1.16.0/STM32CubeIDE/plugins/com.st.stm32cube.ide.mcu.externaltools.gnu-tools-for-stm32.12.3.rel1.win32_1.0.200.202406191623/tools/bin/../lib/gcc/arm-none-eabi/12.3.1/../../../../arm-none-eabi/lib/thumb/v6-m/nofp\libc_nano.a(libc_a-reent.o) (_impure_ptr)
C:/ST/STM32CubeIDE_1.16.0/STM32CubeIDE/plugins/com.st.stm32cube.ide.mcu.externaltools.gnu-tools-for-stm32.12.3.rel1.win32_1.0.200.202406191623/tools/bin/../lib/gcc/arm-none-eabi/12.3.1/../../../../arm-none-eabi/lib/thumb/v6-m/nofp\libc_nano.a(libc_a-lseekr.o)
[...]
Memory Configuration

Name             Origin             Length             Attributes
RAM              0x20000000         0x00009000         xrw
FLASH            0x08000000         0x00020000         xr
*default*        0x00000000         0xffffffff

Linker script and memory map

LOAD C:/ST/STM32CubeIDE_1.16.0/STM32CubeIDE/plugins/com.st.stm32cube.ide.mcu.externaltools.gnu-tools-for-stm32.12.3.rel1.win32_1.0.200.202406191623/tools/bin/../lib/gcc/arm-none-eabi/12.3.1/thumb/v6-m/nofp/crti.o
LOAD C:/ST/STM32CubeIDE_1.16.0/STM32CubeIDE/plugins/com.st.stm32cube.ide.mcu.externaltools.gnu-tools-for-stm32.12.3.rel1.win32_1.0.200.202406191623/tools/bin/../lib/gcc/arm-none-eabi/12.3.1/thumb/v6-m/nofp/crtbegin.o
LOAD C:/ST/STM32CubeIDE_1.16.0/STM32CubeIDE/plugins/com.st.stm32cube.ide.mcu.externaltools.gnu-tools-for-stm32.12.3.rel1.win32_1.0.200.202406191623/tools/bin/../lib/gcc/arm-none-eabi/12.3.1/../../../../arm-none-eabi/lib/thumb/v6-m/nofp/crt0.o
LOAD ./Core/Src/main.o
LOAD ./Core/Src/stm32g0xx_it.o
LOAD ./Core/Src/syscalls.o
LOAD ./Core/Src/sysmem.o
LOAD ./Core/Src/system_stm32g0xx.o
LOAD ./Core/Startup/startup_stm32g071rbtx.o
LOAD ./Drivers/STM32G0xx_HAL_Driver/Src/stm32g0xx_ll_dma.o
LOAD ./Drivers/STM32G0xx_HAL_Driver/Src/stm32g0xx_ll_exti.o
LOAD ./Drivers/STM32G0xx_HAL_Driver/Src/stm32g0xx_ll_gpio.o
LOAD ./Drivers/STM32G0xx_HAL_Driver/Src/stm32g0xx_ll_pwr.o
LOAD ./Drivers/STM32G0xx_HAL_Driver/Src/stm32g0xx_ll_rcc.o
LOAD ./Drivers/STM32G0xx_HAL_Driver/Src/stm32g0xx_ll_usart.o
LOAD ./Drivers/STM32G0xx_HAL_Driver/Src/stm32g0xx_ll_utils.o
START GROUP
LOAD C:/ST/STM32CubeIDE_1.16.0/STM32CubeIDE/plugins/com.st.stm32cube.ide.mcu.externaltools.gnu-tools-for-stm32.12.3.rel1.win32_1.0.200.202406191623/tools/bin/../lib/gcc/arm-none-eabi/12.3.1/../../../../arm-none-eabi/lib/thumb/v6-m/nofp\libc_nano.a
LOAD C:/ST/STM32CubeIDE_1.16.0/STM32CubeIDE/plugins/com.st.stm32cube.ide.mcu.externaltools.gnu-tools-for-stm32.12.3.rel1.win32_1.0.200.202406191623/tools/bin/../lib/gcc/arm-none-eabi/12.3.1/../../../../arm-none-eabi/lib/thumb/v6-m/nofp\libm.a
END GROUP
START GROUP
LOAD C:/ST/STM32CubeIDE_1.16.0/STM32CubeIDE/plugins/com.st.stm32cube.ide.mcu.externaltools.gnu-tools-for-stm32.12.3.rel1.win32_1.0.200.202406191623/tools/bin/../lib/gcc/arm-none-eabi/12.3.1/thumb/v6-m/nofp\libgcc.a
LOAD C:/ST/STM32CubeIDE_1.16.0/STM32CubeIDE/plugins/com.st.stm32cube.ide.mcu.externaltools.gnu-tools-for-stm32.12.3.rel1.win32_1.0.200.202406191623/tools/bin/../lib/gcc/arm-none-eabi/12.3.1/../../../../arm-none-eabi/lib/thumb/v6-m/nofp\libc_nano.a
END GROUP
START GROUP
LOAD C:/ST/STM32CubeIDE_1.16.0/STM32CubeIDE/plugins/com.st.stm32cube.ide.mcu.externaltools.gnu-tools-for-stm32.12.3.rel1.win32_1.0.200.202406191623/tools/bin/../lib/gcc/arm-none-eabi/12.3.1/thumb/v6-m/nofp\libgcc.a
LOAD C:/ST/STM32CubeIDE_1.16.0/STM32CubeIDE/plugins/com.st.stm32cube.ide.mcu.externaltools.gnu-tools-for-stm32.12.3.rel1.win32_1.0.200.202406191623/tools/bin/../lib/gcc/arm-none-eabi/12.3.1/../../../../arm-none-eabi/lib/thumb/v6-m/nofp\libc_nano.a
LOAD C:/ST/STM32CubeIDE_1.16.0/STM32CubeIDE/plugins/com.st.stm32cube.ide.mcu.externaltools.gnu-tools-for-stm32.12.3.rel1.win32_1.0.200.202406191623/tools/bin/../lib/gcc/arm-none-eabi/12.3.1/../../../../arm-none-eabi/lib/thumb/v6-m/nofp\libnosys.a
END GROUP
START GROUP
LOAD C:/ST/STM32CubeIDE_1.16.0/STM32CubeIDE/plugins/com.st.stm32cube.ide.mcu.externaltools.gnu-tools-for-stm32.12.3.rel1.win32_1.0.200.202406191623/tools/bin/../lib/gcc/arm-none-eabi/12.3.1/thumb/v6-m/nofp\libgcc.a
LOAD C:/ST/STM32CubeIDE_1.16.0/STM32CubeIDE/plugins/com.st.stm32cube.ide.mcu.externaltools.gnu-tools-for-stm32.12.3.rel1.win32_1.0.200.202406191623/tools/bin/../lib/gcc/arm-none-eabi/12.3.1/../../../../arm-none-eabi/lib/thumb/v6-m/nofp\libc_nano.a
LOAD C:/ST/STM32CubeIDE_1.16.0/STM32CubeIDE/plugins/com.st.stm32cube.ide.mcu.externaltools.gnu-tools-for-stm32.12.3.rel1.win32_1.0.200.202406191623/tools/bin/../lib/gcc/arm-none-eabi/12.3.1/../../../../arm-none-eabi/lib/thumb/v6-m/nofp\libnosys.a
END GROUP
LOAD C:/ST/STM32CubeIDE_1.16.0/STM32CubeIDE/plugins/com.st.stm32cube.ide.mcu.externaltools.gnu-tools-for-stm32.12.3.rel1.win32_1.0.200.202406191623/tools/bin/../lib/gcc/arm-none-eabi/12.3.1/thumb/v6-m/nofp/crtend.o
LOAD C:/ST/STM32CubeIDE_1.16.0/STM32CubeIDE/plugins/com.st.stm32cube.ide.mcu.externaltools.gnu-tools-for-stm32.12.3.rel1.win32_1.0.200.202406191623/tools/bin/../lib/gcc/arm-none-eabi/12.3.1/thumb/v6-m/nofp/crtn.o
                0x20009000                        _estack = (ORIGIN (RAM) + LENGTH (RAM))
                0x00000200                        _Min_Heap_Size = 0x200
                0x00000400                        _Min_Stack_Size = 0x400

.isr_vector     0x08000000       0xbc
                0x08000000                        . = ALIGN (0x4)
 *(.isr_vector)
 .isr_vector    0x08000000       0xbc ./Core/Startup/startup_stm32g071rbtx.o
                0x08000000                g_pfnVectors
                0x080000bc                        . = ALIGN (0x4)

.text           0x080000bc     0x1c50
                0x080000bc                        . = ALIGN (0x4)
 *(.text)
 .text          0x080000bc       0x48 C:/ST/STM32CubeIDE_1.16.0/STM32CubeIDE/plugins/com.st.stm32cube.ide.mcu.externaltools.gnu-tools-for-stm32.12.3.rel1.win32_1.0.200.202406191623/tools/bin/../lib/gcc/arm-none-eabi/12.3.1/thumb/v6-m/nofp/crtbegin.o
 .text          0x08000104      0x114 C:/ST/STM32CubeIDE_1.16.0/STM32CubeIDE/plugins/com.st.stm32cube.ide.mcu.externaltools.gnu-tools-for-stm32.12.3.rel1.win32_1.0.200.202406191623/tools/bin/../lib/gcc/arm-none-eabi/12.3.1/thumb/v6-m/nofp\libgcc.a(_udivsi3.o)
                0x08000104                __aeabi_uidiv
                0x08000104                __udivsi3
                0x08000210                __aeabi_uidivmod
 .text          0x08000218        0x4 C:/ST/STM32CubeIDE_1.16.0/STM32CubeIDE/plugins/com.st.stm32cube.ide.mcu.externaltools.gnu-tools-for-stm32.12.3.rel1.win32_1.0.200.202406191623/tools/bin/../lib/gcc/arm-none-eabi/12.3.1/thumb/v6-m/nofp\libgcc.a(_dvmd_tls.o)
                0x08000218                __aeabi_idiv0
                0x08000218                __aeabi_ldiv0
 *(.text*)
 .text.__NVIC_EnableIRQ
                0x0800021c       0x34 ./Core/Src/main.o
 .text.__NVIC_SetPriority
                0x08000250       0xdc ./Core/Src/main.o
 .text.LL_DMA_EnableChannel
                0x0800032c       0x40 ./Core/Src/main.o
 .text.LL_DMA_DisableChannel
                0x0800036c       0x40 ./Core/Src/main.o
 .text.LL_DMA_SetDataTransferDirection
                0x080003ac       0x4c ./Core/Src/main.o
 .text.LL_DMA_GetDataTransferDirection
                0x080003f8       0x34 ./Core/Src/main.o
 .text.LL_DMA_SetMode
                0x0800042c       0x48 ./Core/Src/main.o
 .text.LL_DMA_SetPeriphIncMode
                0x08000474       0x48 ./Core/Src/main.o
 .text.LL_DMA_SetMemoryIncMode
                0x080004bc       0x48 ./Core/Src/main.o
 .text.LL_DMA_SetPeriphSize
                0x08000504       0x4c ./Core/Src/main.o
 .text.LL_DMA_SetMemorySize
                0x08000550       0x4c ./Core/Src/main.o
 .text.LL_DMA_SetChannelPriorityLevel
                0x0800059c       0x4c ./Core/Src/main.o
 .text.LL_DMA_SetDataLength
                0x080005e8       0x44 ./Core/Src/main.o
 .text.LL_DMA_ConfigAddresses
                0x0800062c       0x70 ./Core/Src/main.o
 .text.LL_DMA_SetPeriphRequest
                0x0800069c       0x58 ./Core/Src/main.o
 .text.LL_DMA_EnableIT_TC
                0x080006f4       0x40 ./Core/Src/main.o
 .text.LL_DMA_EnableIT_TE
                0x08000734       0x40 ./Core/Src/main.o
 .text.LL_RCC_HSI_Enable
                0x08000774       0x1c ./Core/Src/main.o
 .text.LL_RCC_HSI_IsReady
                0x08000790       0x28 ./Core/Src/main.o
 .text.LL_RCC_SetSysClkSource
                0x080007b8       0x28 ./Core/Src/main.o
 .text.LL_RCC_GetSysClkSource
                0x080007e0       0x18 ./Core/Src/main.o
 .text.LL_RCC_SetAHBPrescaler
                0x080007f8       0x2c ./Core/Src/main.o
 .text.LL_RCC_SetAPB1Prescaler
                0x08000824       0x2c ./Core/Src/main.o
 .text.LL_RCC_SetUSARTClockSource
                0x08000850       0x30 ./Core/Src/main.o
 .text.LL_AHB1_GRP1_EnableClock
                0x08000880       0x2c ./Core/Src/main.o
 .text.LL_APB1_GRP1_EnableClock
                0x080008ac       0x2c ./Core/Src/main.o
 .text.LL_APB2_GRP1_EnableClock
                0x080008d8       0x2c ./Core/Src/main.o
 .text.LL_IOP_GRP1_EnableClock
                0x08000904       0x2c ./Core/Src/main.o
 .text.LL_SYSCFG_DisableDBATT
                0x08000930       0x20 ./Core/Src/main.o
 .text.LL_EXTI_EnableIT_0_31
                0x08000950       0x24 ./Core/Src/main.o
 .text.LL_EXTI_EnableFallingTrig_0_31
                0x08000974       0x20 ./Core/Src/main.o
 .text.LL_EXTI_SetEXTISource
                0x08000994       0x4c ./Core/Src/main.o
 .text.LL_USART_Enable
                0x080009e0       0x1c ./Core/Src/main.o
 .text.LL_USART_DisableFIFO
                0x080009fc       0x20 ./Core/Src/main.o
 .text.LL_USART_SetTXFIFOThreshold
                0x08000a1c       0x46 ./Core/Src/main.o
 *fill*         0x08000a62        0x2 
 .text.LL_USART_SetRXFIFOThreshold
                0x08000a64       0x4c ./Core/Src/main.o
 .text.LL_USART_ConfigAsyncMode
                0x08000ab0       0x30 ./Core/Src/main.o
 .text.LL_USART_IsActiveFlag_TEACK
                0x08000ae0       0x28 ./Core/Src/main.o
 .text.LL_USART_IsActiveFlag_REACK
                0x08000b08       0x28 ./Core/Src/main.o
 .text.LL_USART_EnableDMAReq_RX
                0x08000b30       0x3e ./Core/Src/main.o
 .text.LL_USART_DMA_GetRegAddr
                0x08000b6e       0x28 ./Core/Src/main.o
 .text.LL_GPIO_SetPinMode
                0x08000b96       0x38 ./Core/Src/main.o
 .text.LL_GPIO_SetPinPull
                0x08000bce       0x38 ./Core/Src/main.o
 .text.LL_GPIO_ResetOutputPin
                0x08000c06       0x18 ./Core/Src/main.o
 .text.LL_GPIO_TogglePin
                0x08000c1e       0x2e ./Core/Src/main.o
 .text.main     0x08000c4c       0xc0 ./Core/Src/main.o
                0x08000c4c                main
 .text.SystemClock_Config
                0x08000d0c       0x4c ./Core/Src/main.o
                0x08000d0c                SystemClock_Config
 .text.MX_USART2_UART_Init
                0x08000d58      0x270 ./Core/Src/main.o
 .text.MX_DMA_Init
                0x08000fc8       0x2c ./Core/Src/main.o
 .text.MX_GPIO_Init
                0x08000ff4       0x84 ./Core/Src/main.o
 .text.UserButton_Init
                0x08001078       0x60 ./Core/Src/main.o
                0x08001078                UserButton_Init
 .text.LED_Off  0x080010d8       0x16 ./Core/Src/main.o
                0x080010d8                LED_Off
 .text.LED_Blinking
                0x080010ee       0x20 ./Core/Src/main.o
                0x080010ee                LED_Blinking
 *fill*         0x0800110e        0x2 
 .text.WaitForUserButtonPress
                0x08001110       0x30 ./Core/Src/main.o
                0x08001110                WaitForUserButtonPress
 .text.StartTransfer
                0x08001140       0x24 ./Core/Src/main.o
                0x08001140                StartTransfer
 .text.WaitAndCheckEndOfTransfer
                0x08001164       0x3c ./Core/Src/main.o
                0x08001164                WaitAndCheckEndOfTransfer
 .text.DMA1_ReceiveComplete_Callback
                0x080011a0       0x14 ./Core/Src/main.o
                0x080011a0                DMA1_ReceiveComplete_Callback
 .text.UserButton_Callback
                0x080011b4       0x14 ./Core/Src/main.o
                0x080011b4                UserButton_Callback
 .text.ResetFlags
                0x080011c8       0x14 ./Core/Src/main.o
                0x080011c8                ResetFlags
 .text.USART_TransferError_Callback
                0x080011dc       0x2c ./Core/Src/main.o
                0x080011dc                USART_TransferError_Callback
 .text.LL_DMA_IsActiveFlag_TC2
                0x08001208       0x22 ./Core/Src/stm32g0xx_it.o
 .text.LL_DMA_IsActiveFlag_TE2
                0x0800122a       0x22 ./Core/Src/stm32g0xx_it.o
 .text.LL_DMA_ClearFlag_TC2
                0x0800124c       0x16 ./Core/Src/stm32g0xx_it.o
 *fill*         0x08001262        0x2 
 .text.LL_EXTI_IsActiveFallingFlag_0_31
                0x08001264       0x28 ./Core/Src/stm32g0xx_it.o
 .text.LL_EXTI_ClearFallingFlag_0_31
                0x0800128c       0x1c ./Core/Src/stm32g0xx_it.o
 .text.NMI_Handler
                0x080012a8        0x8 ./Core/Src/stm32g0xx_it.o
                0x080012a8                NMI_Handler
 .text.HardFault_Handler
                0x080012b0        0x8 ./Core/Src/stm32g0xx_it.o
                0x080012b0                HardFault_Handler
 .text.SVC_Handler
                0x080012b8        0xa ./Core/Src/stm32g0xx_it.o
                0x080012b8                SVC_Handler
 .text.PendSV_Handler
                0x080012c2        0xa ./Core/Src/stm32g0xx_it.o
                0x080012c2                PendSV_Handler
 .text.SysTick_Handler
                0x080012cc        0xa ./Core/Src/stm32g0xx_it.o
                0x080012cc                SysTick_Handler
 .text.DMA1_Channel1_IRQHandler
                0x080012d6        0xa ./Core/Src/stm32g0xx_it.o
                0x080012d6                DMA1_Channel1_IRQHandler
 .text.DMA1_Channel2_3_IRQHandler
                0x080012e0       0x38 ./Core/Src/stm32g0xx_it.o
                0x080012e0                DMA1_Channel2_3_IRQHandler
 .text.USART2_IRQHandler
                0x08001318        0xa ./Core/Src/stm32g0xx_it.o
                0x08001318                USART2_IRQHandler
 .text.EXTI4_15_IRQHandler
                0x08001322       0x26 ./Core/Src/stm32g0xx_it.o
                0x08001322                EXTI4_15_IRQHandler
 .text.SystemInit
                0x08001348        0xa ./Core/Src/system_stm32g0xx.o
                0x08001348                SystemInit
 *fill*         0x08001352        0x2 
 .text.Reset_Handler
                0x08001354       0x50 ./Core/Startup/startup_stm32g071rbtx.o
                0x08001354                Reset_Handler
 .text.Default_Handler
                0x080013a4        0x2 ./Core/Startup/startup_stm32g071rbtx.o
                0x080013a4                USART3_4_LPUART1_IRQHandler
                0x080013a4                TIM1_CC_IRQHandler
                0x080013a4                ADC1_COMP_IRQHandler
                0x080013a4                PVD_IRQHandler
                0x080013a4                I2C1_IRQHandler
                0x080013a4                TIM7_LPTIM2_IRQHandler
                0x080013a4                RTC_TAMP_IRQHandler
                0x080013a4                SPI1_IRQHandler
                0x080013a4                EXTI2_3_IRQHandler
                0x080013a4                I2C2_IRQHandler
                0x080013a4                TIM17_IRQHandler
                0x080013a4                TIM16_IRQHandler
                0x080013a4                TIM3_IRQHandler
                0x080013a4                RCC_IRQHandler
                0x080013a4                Default_Handler
                0x080013a4                CEC_IRQHandler
                0x080013a4                TIM14_IRQHandler
                0x080013a4                TIM15_IRQHandler
                0x080013a4                EXTI0_1_IRQHandler
                0x080013a4                SPI2_IRQHandler
                0x080013a4                TIM6_DAC_LPTIM1_IRQHandler
                0x080013a4                WWDG_IRQHandler
                0x080013a4                TIM2_IRQHandler
                0x080013a4                DMA1_Ch4_7_DMAMUX1_OVR_IRQHandler
                0x080013a4                UCPD1_2_IRQHandler
                0x080013a4                FLASH_IRQHandler
                0x080013a4                USART1_IRQHandler
                0x080013a4                TIM1_BRK_UP_TRG_COM_IRQHandler
 .text.LL_GPIO_SetPinMode
                0x080013a6       0x38 ./Drivers/STM32G0xx_HAL_Driver/Src/stm32g0xx_ll_gpio.o
 .text.LL_GPIO_SetPinOutputType
                0x080013de       0x2a ./Drivers/STM32G0xx_HAL_Driver/Src/stm32g0xx_ll_gpio.o
 .text.LL_GPIO_SetPinSpeed
                0x08001408       0x38 ./Drivers/STM32G0xx_HAL_Driver/Src/stm32g0xx_ll_gpio.o
 .text.LL_GPIO_SetPinPull
                0x08001440       0x38 ./Drivers/STM32G0xx_HAL_Driver/Src/stm32g0xx_ll_gpio.o
 .text.LL_GPIO_SetAFPin_0_7
                0x08001478       0x46 ./Drivers/STM32G0xx_HAL_Driver/Src/stm32g0xx_ll_gpio.o
 .text.LL_GPIO_SetAFPin_8_15
                0x080014be       0x5a ./Drivers/STM32G0xx_HAL_Driver/Src/stm32g0xx_ll_gpio.o
 .text.LL_GPIO_Init
                0x08001518       0xb6 ./Drivers/STM32G0xx_HAL_Driver/Src/stm32g0xx_ll_gpio.o
                0x08001518                LL_GPIO_Init
 *fill*         0x080015ce        0x2 
 .text.LL_RCC_HSI_IsReady
                0x080015d0       0x28 ./Drivers/STM32G0xx_HAL_Driver/Src/stm32g0xx_ll_rcc.o
 .text.LL_RCC_LSE_IsReady
                0x080015f8       0x20 ./Drivers/STM32G0xx_HAL_Driver/Src/stm32g0xx_ll_rcc.o
 .text.LL_RCC_GetSysClkSource
                0x08001618       0x18 ./Drivers/STM32G0xx_HAL_Driver/Src/stm32g0xx_ll_rcc.o
 .text.LL_RCC_GetAHBPrescaler
                0x08001630       0x18 ./Drivers/STM32G0xx_HAL_Driver/Src/stm32g0xx_ll_rcc.o
 .text.LL_RCC_GetAPB1Prescaler
                0x08001648       0x18 ./Drivers/STM32G0xx_HAL_Driver/Src/stm32g0xx_ll_rcc.o
 .text.LL_RCC_GetUSARTClockSource
                0x08001660       0x24 ./Drivers/STM32G0xx_HAL_Driver/Src/stm32g0xx_ll_rcc.o
 .text.LL_RCC_PLL_GetN
                0x08001684       0x18 ./Drivers/STM32G0xx_HAL_Driver/Src/stm32g0xx_ll_rcc.o
 .text.LL_RCC_PLL_GetR
                0x0800169c       0x18 ./Drivers/STM32G0xx_HAL_Driver/Src/stm32g0xx_ll_rcc.o
 .text.LL_RCC_PLL_GetMainSource
                0x080016b4       0x18 ./Drivers/STM32G0xx_HAL_Driver/Src/stm32g0xx_ll_rcc.o
 .text.LL_RCC_PLL_GetDivider
                0x080016cc       0x18 ./Drivers/STM32G0xx_HAL_Driver/Src/stm32g0xx_ll_rcc.o
 .text.LL_RCC_GetSystemClocksFreq
                0x080016e4       0x3a ./Drivers/STM32G0xx_HAL_Driver/Src/stm32g0xx_ll_rcc.o
                0x080016e4                LL_RCC_GetSystemClocksFreq
 *fill*         0x0800171e        0x2 
 .text.LL_RCC_GetUSARTClockFreq
                0x08001720      0x120 ./Drivers/STM32G0xx_HAL_Driver/Src/stm32g0xx_ll_rcc.o
                0x08001720                LL_RCC_GetUSARTClockFreq
 .text.RCC_GetSystemClockFreq
                0x08001840       0x5c ./Drivers/STM32G0xx_HAL_Driver/Src/stm32g0xx_ll_rcc.o
 .text.RCC_GetHCLKClockFreq
                0x0800189c       0x30 ./Drivers/STM32G0xx_HAL_Driver/Src/stm32g0xx_ll_rcc.o
 .text.RCC_GetPCLK1ClockFreq
                0x080018cc       0x2c ./Drivers/STM32G0xx_HAL_Driver/Src/stm32g0xx_ll_rcc.o
 .text.RCC_PLL_GetFreqDomain_SYS
                0x080018f8       0x74 ./Drivers/STM32G0xx_HAL_Driver/Src/stm32g0xx_ll_rcc.o
 .text.LL_USART_IsEnabled
                0x0800196c       0x22 ./Drivers/STM32G0xx_HAL_Driver/Src/stm32g0xx_ll_usart.o
 .text.LL_USART_SetPrescaler
                0x0800198e       0x24 ./Drivers/STM32G0xx_HAL_Driver/Src/stm32g0xx_ll_usart.o
 *fill*         0x080019b2        0x2 
 .text.LL_USART_SetStopBitsLength
                0x080019b4       0x28 ./Drivers/STM32G0xx_HAL_Driver/Src/stm32g0xx_ll_usart.o
 .text.LL_USART_SetHWFlowCtrl
                0x080019dc       0x28 ./Drivers/STM32G0xx_HAL_Driver/Src/stm32g0xx_ll_usart.o
 .text.LL_USART_SetBaudRate
                0x08001a04       0xb4 ./Drivers/STM32G0xx_HAL_Driver/Src/stm32g0xx_ll_usart.o
 .text.LL_USART_Init
                0x08001ab8      0x11c ./Drivers/STM32G0xx_HAL_Driver/Src/stm32g0xx_ll_usart.o
                0x08001ab8                LL_USART_Init
 .text.LL_InitTick
                0x08001bd4       0x34 ./Drivers/STM32G0xx_HAL_Driver/Src/stm32g0xx_ll_utils.o
 .text.LL_Init1msTick
                0x08001c08       0x1e ./Drivers/STM32G0xx_HAL_Driver/Src/stm32g0xx_ll_utils.o
                0x08001c08                LL_Init1msTick
 *fill*         0x08001c26        0x2 
 .text.LL_mDelay
                0x08001c28       0x48 ./Drivers/STM32G0xx_HAL_Driver/Src/stm32g0xx_ll_utils.o
                0x08001c28                LL_mDelay
 .text.LL_SetSystemCoreClock
                0x08001c70       0x1c ./Drivers/STM32G0xx_HAL_Driver/Src/stm32g0xx_ll_utils.o
                0x08001c70                LL_SetSystemCoreClock
 .text.memset   0x08001c8c       0x10 C:/ST/STM32CubeIDE_1.16.0/STM32CubeIDE/plugins/com.st.stm32cube.ide.mcu.externaltools.gnu-tools-for-stm32.12.3.rel1.win32_1.0.200.202406191623/tools/bin/../lib/gcc/arm-none-eabi/12.3.1/../../../../arm-none-eabi/lib/thumb/v6-m/nofp\libc_nano.a(libc_a-memset.o)
                0x08001c8c                memset
 .text.__libc_init_array
                0x08001c9c       0x48 C:/ST/STM32CubeIDE_1.16.0/STM32CubeIDE/plugins/com.st.stm32cube.ide.mcu.externaltools.gnu-tools-for-stm32.12.3.rel1.win32_1.0.200.202406191623/tools/bin/../lib/gcc/arm-none-eabi/12.3.1/../../../../arm-none-eabi/lib/thumb/v6-m/nofp\libc_nano.a(libc_a-init.o)
                0x08001c9c                __libc_init_array
 .text.strcpy   0x08001ce4       0x10 C:/ST/STM32CubeIDE_1.16.0/STM32CubeIDE/plugins/com.st.stm32cube.ide.mcu.externaltools.gnu-tools-for-stm32.12.3.rel1.win32_1.0.200.202406191623/tools/bin/../lib/gcc/arm-none-eabi/12.3.1/../../../../arm-none-eabi/lib/thumb/v6-m/nofp\libc_nano.a(libc_a-strcpy.o)
                0x08001ce4                strcpy
 *(.glue_7)
 .glue_7        0x08001cf4        0x0 linker stubs
 *(.glue_7t)
 .glue_7t       0x08001cf4        0x0 linker stubs
 *(.eh_frame)
 .eh_frame      0x08001cf4        0x0 C:/ST/STM32CubeIDE_1.16.0/STM32CubeIDE/plugins/com.st.stm32cube.ide.mcu.externaltools.gnu-tools-for-stm32.12.3.rel1.win32_1.0.200.202406191623/tools/bin/../lib/gcc/arm-none-eabi/12.3.1/thumb/v6-m/nofp/crtbegin.o
 *(.init)
 .init          0x08001cf4        0x4 C:/ST/STM32CubeIDE_1.16.0/STM32CubeIDE/plugins/com.st.stm32cube.ide.mcu.externaltools.gnu-tools-for-stm32.12.3.rel1.win32_1.0.200.202406191623/tools/bin/../lib/gcc/arm-none-eabi/12.3.1/thumb/v6-m/nofp/crti.o
                0x08001cf4                _init
 .init          0x08001cf8        0x8 C:/ST/STM32CubeIDE_1.16.0/STM32CubeIDE/plugins/com.st.stm32cube.ide.mcu.externaltools.gnu-tools-for-stm32.12.3.rel1.win32_1.0.200.202406191623/tools/bin/../lib/gcc/arm-none-eabi/12.3.1/thumb/v6-m/nofp/crtn.o
 *(.fini)
 .fini          0x08001d00        0x4 C:/ST/STM32CubeIDE_1.16.0/STM32CubeIDE/plugins/com.st.stm32cube.ide.mcu.externaltools.gnu-tools-for-stm32.12.3.rel1.win32_1.0.200.202406191623/tools/bin/../lib/gcc/arm-none-eabi/12.3.1/thumb/v6-m/nofp/crti.o
                0x08001d00                _fini
 .fini          0x08001d04        0x8 C:/ST/STM32CubeIDE_1.16.0/STM32CubeIDE/plugins/com.st.stm32cube.ide.mcu.externaltools.gnu-tools-for-stm32.12.3.rel1.win32_1.0.200.202406191623/tools/bin/../lib/gcc/arm-none-eabi/12.3.1/thumb/v6-m/nofp/crtn.o
                0x08001d0c                        . = ALIGN (0x4)
                0x08001d0c                        _etext = .

.vfp11_veneer   0x08001d0c        0x0
 .vfp11_veneer  0x08001d0c        0x0 linker stubs

.v4_bx          0x08001d0c        0x0
 .v4_bx         0x08001d0c        0x0 linker stubs

.iplt           0x08001d0c        0x0
 .iplt          0x08001d0c        0x0 C:/ST/STM32CubeIDE_1.16.0/STM32CubeIDE/plugins/com.st.stm32cube.ide.mcu.externaltools.gnu-tools-for-stm32.12.3.rel1.win32_1.0.200.202406191623/tools/bin/../lib/gcc/arm-none-eabi/12.3.1/thumb/v6-m/nofp/crtbegin.o

.rodata         0x08001d0c       0x98
                0x08001d0c                        . = ALIGN (0x4)
 *(.rodata)
 *(.rodata*)
 .rodata.CHANNEL_OFFSET_TAB
                0x08001d0c        0x7 ./Core/Src/main.o
 *fill*         0x08001d13        0x1 
 .rodata.AHBPrescTable
                0x08001d14       0x40 ./Core/Src/system_stm32g0xx.o
                0x08001d14                AHBPrescTable
 .rodata.APBPrescTable
                0x08001d54       0x20 ./Core/Src/system_stm32g0xx.o
                0x08001d54                APBPrescTable
 .rodata.USART_PRESCALER_TAB
                0x08001d74       0x30 ./Drivers/STM32G0xx_HAL_Driver/Src/stm32g0xx_ll_usart.o
                0x08001da4                        . = ALIGN (0x4)

.ARM.extab      0x08001da4        0x0
                0x08001da4                        . = ALIGN (0x4)
 *(.ARM.extab* .gnu.linkonce.armextab.*)
                0x08001da4                        . = ALIGN (0x4)

.ARM            0x08001da4        0x0
                0x08001da4                        . = ALIGN (0x4)
                0x08001da4                        __exidx_start = .
 *(.ARM.exidx*)
                0x08001da4                        __exidx_end = .
                0x08001da4                        . = ALIGN (0x4)

.preinit_array  0x08001da4        0x0
                0x08001da4                        . = ALIGN (0x4)
                0x08001da4                        PROVIDE (__preinit_array_start = .)
 *(.preinit_array*)
                0x08001da4                        PROVIDE (__preinit_array_end = .)
                0x08001da4                        . = ALIGN (0x4)

.init_array     0x08001da4        0x4
                0x08001da4                        . = ALIGN (0x4)
                0x08001da4                        PROVIDE (__init_array_start = .)
 *(SORT_BY_NAME(.init_array.*))
 *(.init_array*)
 .init_array    0x08001da4        0x4 C:/ST/STM32CubeIDE_1.16.0/STM32CubeIDE/plugins/com.st.stm32cube.ide.mcu.externaltools.gnu-tools-for-stm32.12.3.rel1.win32_1.0.200.202406191623/tools/bin/../lib/gcc/arm-none-eabi/12.3.1/thumb/v6-m/nofp/crtbegin.o
                0x08001da8                        PROVIDE (__init_array_end = .)
                0x08001da8                        . = ALIGN (0x4)

.fini_array     0x08001da8        0x4
                0x08001da8                        . = ALIGN (0x4)
                [!provide]                        PROVIDE (__fini_array_start = .)
 *(SORT_BY_NAME(.fini_array.*))
 *(.fini_array*)
 .fini_array    0x08001da8        0x4 C:/ST/STM32CubeIDE_1.16.0/STM32CubeIDE/plugins/com.st.stm32cube.ide.mcu.externaltools.gnu-tools-for-stm32.12.3.rel1.win32_1.0.200.202406191623/tools/bin/../lib/gcc/arm-none-eabi/12.3.1/thumb/v6-m/nofp/crtbegin.o
                [!provide]                        PROVIDE (__fini_array_end = .)
                0x08001dac                        . = ALIGN (0x4)
                0x08001dac                        _sidata = LOADADDR (.data)

.rel.dyn        0x08001dac        0x0
 .rel.iplt      0x08001dac        0x0 C:/ST/STM32CubeIDE_1.16.0/STM32CubeIDE/plugins/com.st.stm32cube.ide.mcu.externaltools.gnu-tools-for-stm32.12.3.rel1.win32_1.0.200.202406191623/tools/bin/../lib/gcc/arm-none-eabi/12.3.1/thumb/v6-m/nofp/crtbegin.o

.data           0x20000000        0x8 load address 0x08001dac
                0x20000000                        . = ALIGN (0x4)
                0x20000000                        _sdata = .
 *(.data)
 *(.data*)
 .data.ubNbDataToReceive
                0x20000000        0x1 ./Core/Src/main.o
                0x20000000                ubNbDataToReceive
 *fill*         0x20000001        0x3 
 .data.SystemCoreClock
                0x20000004        0x4 ./Core/Src/system_stm32g0xx.o
                0x20000004                SystemCoreClock
 *(.RamFunc)
 *(.RamFunc*)
                0x20000008                        . = ALIGN (0x4)
                0x20000008                        _edata = .

.igot.plt       0x20000008        0x0 load address 0x08001db4
 .igot.plt      0x20000008        0x0 C:/ST/STM32CubeIDE_1.16.0/STM32CubeIDE/plugins/com.st.stm32cube.ide.mcu.externaltools.gnu-tools-for-stm32.12.3.rel1.win32_1.0.200.202406191623/tools/bin/../lib/gcc/arm-none-eabi/12.3.1/thumb/v6-m/nofp/crtbegin.o
                0x20000008                        . = ALIGN (0x4)

.bss            0x20000008       0x48 load address 0x08001db4
                0x20000008                        _sbss = .
                0x20000008                        __bss_start__ = _sbss
 *(.bss)
 .bss           0x20000008       0x1c C:/ST/STM32CubeIDE_1.16.0/STM32CubeIDE/plugins/com.st.stm32cube.ide.mcu.externaltools.gnu-tools-for-stm32.12.3.rel1.win32_1.0.200.202406191623/tools/bin/../lib/gcc/arm-none-eabi/12.3.1/thumb/v6-m/nofp/crtbegin.o
 *(.bss*)
 .bss.ubButtonPress
                0x20000024        0x1 ./Core/Src/main.o
                0x20000024                ubButtonPress
 *fill*         0x20000025        0x3 
 .bss.RxRawData
                0x20000028       0x12 ./Core/Src/main.o
                0x20000028                RxRawData
 *fill*         0x2000003a        0x2 
 .bss.RxBuffer  0x2000003c       0x12 ./Core/Src/main.o
                0x2000003c                RxBuffer
 .bss.ubReceptionComplete
                0x2000004e        0x1 ./Core/Src/main.o
                0x2000004e                ubReceptionComplete
 *(COMMON)
                0x20000050                        . = ALIGN (0x4)
 *fill*         0x2000004f        0x1 
                0x20000050                        _ebss = .
                0x20000050                        __bss_end__ = _ebss

._user_heap_stack
                0x20000050      0x600 load address 0x08001db4
                0x20000050                        . = ALIGN (0x8)
                [!provide]                        PROVIDE (end = .)
                0x20000050                        PROVIDE (_end = .)
                0x20000250                        . = (. + _Min_Heap_Size)
 *fill*         0x20000050      0x200 
                0x20000650                        . = (. + _Min_Stack_Size)
 *fill*         0x20000250      0x400 
                0x20000650                        . = ALIGN (0x8)

/DISCARD/
 libc.a(*)
 libm.a(*)
 libgcc.a(*)

.ARM.attributes
                0x00000000       0x28
 *(.ARM.attributes)
 .ARM.attributes
                0x00000000       0x1e C:/ST/STM32CubeIDE_1.16.0/STM32CubeIDE/plugins/com.st.stm32cube.ide.mcu.externaltools.gnu-tools-for-stm32.12.3.rel1.win32_1.0.200.202406191623/tools/bin/../lib/gcc/arm-none-eabi/12.3.1/thumb/v6-m/nofp/crti.o
 .ARM.attributes
                0x0000001e       0x2c C:/ST/STM32CubeIDE_1.16.0/STM32CubeIDE/plugins/com.st.stm32cube.ide.mcu.externaltools.gnu-tools-for-stm32.12.3.rel1.win32_1.0.200.202406191623/tools/bin/../lib/gcc/arm-none-eabi/12.3.1/thumb/v6-m/nofp/crtbegin.o
 .ARM.attributes
                0x0000004a       0x2c ./Core/Src/main.o
 .ARM.attributes
                0x00000076       0x2c ./Core/Src/stm32g0xx_it.o
 .ARM.attributes
                0x000000a2       0x2c ./Core/Src/system_stm32g0xx.o
 .ARM.attributes
                0x000000ce       0x22 ./Core/Startup/startup_stm32g071rbtx.o
 .ARM.attributes
                0x000000f0       0x2c ./Drivers/STM32G0xx_HAL_Driver/Src/stm32g0xx_ll_gpio.o
 .ARM.attributes
                0x0000011c       0x2c ./Drivers/STM32G0xx_HAL_Driver/Src/stm32g0xx_ll_rcc.o
 .ARM.attributes
                0x00000148       0x2c ./Drivers/STM32G0xx_HAL_Driver/Src/stm32g0xx_ll_usart.o
 .ARM.attributes
                0x00000174       0x2c ./Drivers/STM32G0xx_HAL_Driver/Src/stm32g0xx_ll_utils.o
 .ARM.attributes
                0x000001a0       0x2c C:/ST/STM32CubeIDE_1.16.0/STM32CubeIDE/plugins/com.st.stm32cube.ide.mcu.externaltools.gnu-tools-for-stm32.12.3.rel1.win32_1.0.200.202406191623/tools/bin/../lib/gcc/arm-none-eabi/12.3.1/../../../../arm-none-eabi/lib/thumb/v6-m/nofp\libc_nano.a(libc_a-memset.o)
 .ARM.attributes
                0x000001cc       0x2c C:/ST/STM32CubeIDE_1.16.0/STM32CubeIDE/plugins/com.st.stm32cube.ide.mcu.externaltools.gnu-tools-for-stm32.12.3.rel1.win32_1.0.200.202406191623/tools/bin/../lib/gcc/arm-none-eabi/12.3.1/../../../../arm-none-eabi/lib/thumb/v6-m/nofp\libc_nano.a(libc_a-init.o)
 .ARM.attributes
                0x000001f8       0x2c C:/ST/STM32CubeIDE_1.16.0/STM32CubeIDE/plugins/com.st.stm32cube.ide.mcu.externaltools.gnu-tools-for-stm32.12.3.rel1.win32_1.0.200.202406191623/tools/bin/../lib/gcc/arm-none-eabi/12.3.1/../../../../arm-none-eabi/lib/thumb/v6-m/nofp\libc_nano.a(libc_a-strcpy.o)
 .ARM.attributes
                0x00000224       0x1e C:/ST/STM32CubeIDE_1.16.0/STM32CubeIDE/plugins/com.st.stm32cube.ide.mcu.externaltools.gnu-tools-for-stm32.12.3.rel1.win32_1.0.200.202406191623/tools/bin/../lib/gcc/arm-none-eabi/12.3.1/thumb/v6-m/nofp\libgcc.a(_udivsi3.o)
 .ARM.attributes
                0x00000242       0x1e C:/ST/STM32CubeIDE_1.16.0/STM32CubeIDE/plugins/com.st.stm32cube.ide.mcu.externaltools.gnu-tools-for-stm32.12.3.rel1.win32_1.0.200.202406191623/tools/bin/../lib/gcc/arm-none-eabi/12.3.1/thumb/v6-m/nofp\libgcc.a(_dvmd_tls.o)
 .ARM.attributes
                0x00000260       0x1e C:/ST/STM32CubeIDE_1.16.0/STM32CubeIDE/plugins/com.st.stm32cube.ide.mcu.externaltools.gnu-tools-for-stm32.12.3.rel1.win32_1.0.200.202406191623/tools/bin/../lib/gcc/arm-none-eabi/12.3.1/thumb/v6-m/nofp/crtn.o
OUTPUT(WeightTransmission_Nucleo.elf elf32-littlearm)
LOAD linker stubs
LOAD C:/ST/STM32CubeIDE_1.16.0/STM32CubeIDE/plugins/com.st.stm32cube.ide.mcu.externaltools.gnu-tools-for-stm32.12.3.rel1.win32_1.0.200.202406191623/tools/bin/../lib/gcc/arm-none-eabi/12.3.1/../../../../arm-none-eabi/lib/thumb/v6-m/nofp\libc.a
LOAD C:/ST/STM32CubeIDE_1.16.0/STM32CubeIDE/plugins/com.st.stm32cube.ide.mcu.externaltools.gnu-tools-for-stm32.12.3.rel1.win32_1.0.200.202406191623/tools/bin/../lib/gcc/arm-none-eabi/12.3.1/../../../../arm-none-eabi/lib/thumb/v6-m/nofp\libm.a
LOAD C:/ST/STM32CubeIDE_1.16.0/STM32CubeIDE/plugins/com.st.stm32cube.ide.mcu.externaltools.gnu-tools-for-stm32.12.3.rel1.win32_1.0.200.202406191623/tools/bin/../lib/gcc/arm-none-eabi/12.3.1/thumb/v6-m/nofp\libgcc.a

.debug_info     0x00000000     0x3e8f
 .debug_info    0x00000000     0x18b6 ./Core/Src/main.o
 .debug_info    0x000018b6      0x3f7 ./Core/Src/stm32g0xx_it.o
 .debug_info    0x00001cad      0x2c1 ./Core/Src/system_stm32g0xx.o
 .debug_info    0x00001f6e       0x30 ./Core/Startup/startup_stm32g071rbtx.o
 .debug_info    0x00001f9e      0x594 ./Drivers/STM32G0xx_HAL_Driver/Src/stm32g0xx_ll_gpio.o
 .debug_info    0x00002532      0x94c ./Drivers/STM32G0xx_HAL_Driver/Src/stm32g0xx_ll_rcc.o
 .debug_info    0x00002e7e      0x764 ./Drivers/STM32G0xx_HAL_Driver/Src/stm32g0xx_ll_usart.o
 .debug_info    0x000035e2      0x8ad ./Drivers/STM32G0xx_HAL_Driver/Src/stm32g0xx_ll_utils.o

.debug_abbrev   0x00000000      0xeb9
 .debug_abbrev  0x00000000      0x3d2 ./Core/Src/main.o
 .debug_abbrev  0x000003d2      0x1a8 ./Core/Src/stm32g0xx_it.o
 .debug_abbrev  0x0000057a      0x11b ./Core/Src/system_stm32g0xx.o
 .debug_abbrev  0x00000695       0x24 ./Core/Startup/startup_stm32g071rbtx.o
 .debug_abbrev  0x000006b9      0x1a7 ./Drivers/STM32G0xx_HAL_Driver/Src/stm32g0xx_ll_gpio.o
 .debug_abbrev  0x00000860      0x228 ./Drivers/STM32G0xx_HAL_Driver/Src/stm32g0xx_ll_rcc.o
 .debug_abbrev  0x00000a88      0x208 ./Drivers/STM32G0xx_HAL_Driver/Src/stm32g0xx_ll_usart.o
 .debug_abbrev  0x00000c90      0x229 ./Drivers/STM32G0xx_HAL_Driver/Src/stm32g0xx_ll_utils.o

.debug_aranges  0x00000000      0x668
 .debug_aranges
                0x00000000      0x218 ./Core/Src/main.o
 .debug_aranges
                0x00000218       0x88 ./Core/Src/stm32g0xx_it.o
 .debug_aranges
                0x000002a0       0x28 ./Core/Src/system_stm32g0xx.o
 .debug_aranges
                0x000002c8       0x28 ./Core/Startup/startup_stm32g071rbtx.o
 .debug_aranges
                0x000002f0       0x70 ./Drivers/STM32G0xx_HAL_Driver/Src/stm32g0xx_ll_gpio.o
 .debug_aranges
                0x00000360      0x198 ./Drivers/STM32G0xx_HAL_Driver/Src/stm32g0xx_ll_rcc.o
 .debug_aranges
                0x000004f8       0x88 ./Drivers/STM32G0xx_HAL_Driver/Src/stm32g0xx_ll_usart.o
 .debug_aranges
                0x00000580       0xe8 ./Drivers/STM32G0xx_HAL_Driver/Src/stm32g0xx_ll_utils.o

.debug_rnglists
                0x00000000      0x4b9
 .debug_rnglists
                0x00000000      0x191 ./Core/Src/main.o
 .debug_rnglists
                0x00000191       0x61 ./Core/Src/stm32g0xx_it.o
 .debug_rnglists
                0x000001f2       0x1a ./Core/Src/system_stm32g0xx.o
 .debug_rnglists
                0x0000020c       0x19 ./Core/Startup/startup_stm32g071rbtx.o
 .debug_rnglists
                0x00000225       0x51 ./Drivers/STM32G0xx_HAL_Driver/Src/stm32g0xx_ll_gpio.o
 .debug_rnglists
                0x00000276      0x132 ./Drivers/STM32G0xx_HAL_Driver/Src/stm32g0xx_ll_rcc.o
 .debug_rnglists
                0x000003a8       0x64 ./Drivers/STM32G0xx_HAL_Driver/Src/stm32g0xx_ll_usart.o
 .debug_rnglists
                0x0000040c       0xad ./Drivers/STM32G0xx_HAL_Driver/Src/stm32g0xx_ll_utils.o

.debug_macro    0x00000000    0x114d7
 .debug_macro   0x00000000      0x214 ./Core/Src/main.o
 .debug_macro   0x00000214      0xacc ./Core/Src/main.o
 .debug_macro   0x00000ce0       0x2e ./Core/Src/main.o
 .debug_macro   0x00000d0e       0x28 ./Core/Src/main.o
 .debug_macro   0x00000d36       0x22 ./Core/Src/main.o
 .debug_macro   0x00000d58       0x8e ./Core/Src/main.o
 .debug_macro   0x00000de6       0x51 ./Core/Src/main.o
 .debug_macro   0x00000e37      0x103 ./Core/Src/main.o
 .debug_macro   0x00000f3a       0x6a ./Core/Src/main.o
 .debug_macro   0x00000fa4      0x1df ./Core/Src/main.o
 .debug_macro   0x00001183       0x1c ./Core/Src/main.o
 .debug_macro   0x0000119f       0x22 ./Core/Src/main.o
 .debug_macro   0x000011c1       0xd1 ./Core/Src/main.o
 .debug_macro   0x00001292      0x4da ./Core/Src/main.o
 .debug_macro   0x0000176c      0x11f ./Core/Src/main.o
 .debug_macro   0x0000188b     0xc753 ./Core/Src/main.o
 .debug_macro   0x0000dfde       0x66 ./Core/Src/main.o
 .debug_macro   0x0000e044      0x426 ./Core/Src/main.o
 .debug_macro   0x0000e46a      0x287 ./Core/Src/main.o
 .debug_macro   0x0000e6f1      0x574 ./Core/Src/main.o
 .debug_macro   0x0000ec65      0x12b ./Core/Src/main.o
 .debug_macro   0x0000ed90      0x141 ./Core/Src/main.o
 .debug_macro   0x0000eed1      0x1c1 ./Core/Src/main.o
 .debug_macro   0x0000f092      0x174 ./Core/Src/main.o
 .debug_macro   0x0000f206       0x5a ./Core/Src/main.o
 .debug_macro   0x0000f260      0x1ce ./Core/Src/main.o
 .debug_macro   0x0000f42e      0x40f ./Core/Src/main.o
 .debug_macro   0x0000f83d      0x131 ./Core/Src/main.o
 .debug_macro   0x0000f96e       0x46 ./Core/Src/main.o
 .debug_macro   0x0000f9b4       0x61 ./Core/Src/main.o
 .debug_macro   0x0000fa15       0x24 ./Core/Src/main.o
 .debug_macro   0x0000fa39       0x43 ./Core/Src/main.o
 .debug_macro   0x0000fa7c       0x34 ./Core/Src/main.o
 .debug_macro   0x0000fab0      0x189 ./Core/Src/main.o
 .debug_macro   0x0000fc39       0x16 ./Core/Src/main.o
 .debug_macro   0x0000fc4f       0x43 ./Core/Src/main.o
 .debug_macro   0x0000fc92       0x34 ./Core/Src/main.o
 .debug_macro   0x0000fcc6       0x10 ./Core/Src/main.o
 .debug_macro   0x0000fcd6       0x58 ./Core/Src/main.o
 .debug_macro   0x0000fd2e       0x8e ./Core/Src/main.o
 .debug_macro   0x0000fdbc       0x1c ./Core/Src/main.o
 .debug_macro   0x0000fdd8      0x177 ./Core/Src/main.o
 .debug_macro   0x0000ff4f      0x369 ./Core/Src/main.o
 .debug_macro   0x000102b8       0x10 ./Core/Src/main.o
 .debug_macro   0x000102c8       0x35 ./Core/Src/main.o
 .debug_macro   0x000102fd       0x20 ./Core/Src/main.o
 .debug_macro   0x0001031d      0x145 ./Core/Src/stm32g0xx_it.o
 .debug_macro   0x00010462       0xc3 ./Core/Src/system_stm32g0xx.o
 .debug_macro   0x00010525      0x105 ./Drivers/STM32G0xx_HAL_Driver/Src/stm32g0xx_ll_gpio.o
 .debug_macro   0x0001062a      0x12b ./Drivers/STM32G0xx_HAL_Driver/Src/stm32g0xx_ll_gpio.o
 .debug_macro   0x00010755      0x108 ./Drivers/STM32G0xx_HAL_Driver/Src/stm32g0xx_ll_rcc.o
 .debug_macro   0x0001085d      0x56e ./Drivers/STM32G0xx_HAL_Driver/Src/stm32g0xx_ll_rcc.o
 .debug_macro   0x00010dcb      0x13e ./Drivers/STM32G0xx_HAL_Driver/Src/stm32g0xx_ll_usart.o
 .debug_macro   0x00010f09      0x409 ./Drivers/STM32G0xx_HAL_Driver/Src/stm32g0xx_ll_usart.o
 .debug_macro   0x00011312      0x171 ./Drivers/STM32G0xx_HAL_Driver/Src/stm32g0xx_ll_utils.o
 .debug_macro   0x00011483       0x54 ./Drivers/STM32G0xx_HAL_Driver/Src/stm32g0xx_ll_utils.o

.debug_line     0x00000000     0x4473
 .debug_line    0x00000000     0x10c9 ./Core/Src/main.o
 .debug_line    0x000010c9      0x7bc ./Core/Src/stm32g0xx_it.o
 .debug_line    0x00001885      0x56f ./Core/Src/system_stm32g0xx.o
 .debug_line    0x00001df4       0x7b ./Core/Startup/startup_stm32g071rbtx.o
 .debug_line    0x00001e6f      0x6e0 ./Drivers/STM32G0xx_HAL_Driver/Src/stm32g0xx_ll_gpio.o
 .debug_line    0x0000254f      0xdf0 ./Drivers/STM32G0xx_HAL_Driver/Src/stm32g0xx_ll_rcc.o
 .debug_line    0x0000333f      0x798 ./Drivers/STM32G0xx_HAL_Driver/Src/stm32g0xx_ll_usart.o
 .debug_line    0x00003ad7      0x99c ./Drivers/STM32G0xx_HAL_Driver/Src/stm32g0xx_ll_utils.o

.debug_str      0x00000000    0x60df8
 .debug_str     0x00000000    0x5e647 ./Core/Src/main.o
                              0x5e937 (size before relaxing)
 .debug_str     0x0005e647      0x146 ./Core/Src/stm32g0xx_it.o
                              0x5aa0d (size before relaxing)
 .debug_str     0x0005e78d       0x7e ./Core/Src/system_stm32g0xx.o
                              0x4f608 (size before relaxing)
 .debug_str     0x0005e80b       0x44 ./Core/Startup/startup_stm32g071rbtx.o
                                 0x95 (size before relaxing)
 .debug_str     0x0005e84f      0x531 ./Drivers/STM32G0xx_HAL_Driver/Src/stm32g0xx_ll_gpio.o
                              0x50a2c (size before relaxing)
 .debug_str     0x0005ed80      0x895 ./Drivers/STM32G0xx_HAL_Driver/Src/stm32g0xx_ll_rcc.o
                              0x52c6b (size before relaxing)
 .debug_str     0x0005f615      0xac1 ./Drivers/STM32G0xx_HAL_Driver/Src/stm32g0xx_ll_usart.o
                              0x55064 (size before relaxing)
 .debug_str     0x000600d6      0xd22 ./Drivers/STM32G0xx_HAL_Driver/Src/stm32g0xx_ll_utils.o
                              0x546c1 (size before relaxing)

.comment        0x00000000       0x43
 .comment       0x00000000       0x43 ./Core/Src/main.o
                                 0x44 (size before relaxing)
 .comment       0x00000043       0x44 ./Core/Src/stm32g0xx_it.o
 .comment       0x00000043       0x44 ./Core/Src/system_stm32g0xx.o
 .comment       0x00000043       0x44 ./Drivers/STM32G0xx_HAL_Driver/Src/stm32g0xx_ll_gpio.o
 .comment       0x00000043       0x44 ./Drivers/STM32G0xx_HAL_Driver/Src/stm32g0xx_ll_rcc.o
 .comment       0x00000043       0x44 ./Drivers/STM32G0xx_HAL_Driver/Src/stm32g0xx_ll_usart.o
 .comment       0x00000043       0x44 ./Drivers/STM32G0xx_HAL_Driver/Src/stm32g0xx_ll_utils.o

.debug_frame    0x00000000     0x1678
 .debug_frame   0x00000000      0x7d4 ./Core/Src/main.o
 .debug_frame   0x000007d4      0x1ac ./Core/Src/stm32g0xx_it.o
 .debug_frame   0x00000980       0x4c ./Core/Src/system_stm32g0xx.o
 .debug_frame   0x000009cc      0x170 ./Drivers/STM32G0xx_HAL_Driver/Src/stm32g0xx_ll_gpio.o
 .debug_frame   0x00000b3c      0x5bc ./Drivers/STM32G0xx_HAL_Driver/Src/stm32g0xx_ll_rcc.o
 .debug_frame   0x000010f8      0x1d0 ./Drivers/STM32G0xx_HAL_Driver/Src/stm32g0xx_ll_usart.o
 .debug_frame   0x000012c8      0x324 ./Drivers/STM32G0xx_HAL_Driver/Src/stm32g0xx_ll_utils.o
 .debug_frame   0x000015ec       0x20 C:/ST/STM32CubeIDE_1.16.0/STM32CubeIDE/plugins/com.st.stm32cube.ide.mcu.externaltools.gnu-tools-for-stm32.12.3.rel1.win32_1.0.200.202406191623/tools/bin/../lib/gcc/arm-none-eabi/12.3.1/../../../../arm-none-eabi/lib/thumb/v6-m/nofp\libc_nano.a(libc_a-memset.o)
 .debug_frame   0x0000160c       0x2c C:/ST/STM32CubeIDE_1.16.0/STM32CubeIDE/plugins/com.st.stm32cube.ide.mcu.externaltools.gnu-tools-for-stm32.12.3.rel1.win32_1.0.200.202406191623/tools/bin/../lib/gcc/arm-none-eabi/12.3.1/../../../../arm-none-eabi/lib/thumb/v6-m/nofp\libc_nano.a(libc_a-init.o)
 .debug_frame   0x00001638       0x20 C:/ST/STM32CubeIDE_1.16.0/STM32CubeIDE/plugins/com.st.stm32cube.ide.mcu.externaltools.gnu-tools-for-stm32.12.3.rel1.win32_1.0.200.202406191623/tools/bin/../lib/gcc/arm-none-eabi/12.3.1/../../../../arm-none-eabi/lib/thumb/v6-m/nofp\libc_nano.a(libc_a-strcpy.o)
 .debug_frame   0x00001658       0x20 C:/ST/STM32CubeIDE_1.16.0/STM32CubeIDE/plugins/com.st.stm32cube.ide.mcu.externaltools.gnu-tools-for-stm32.12.3.rel1.win32_1.0.200.202406191623/tools/bin/../lib/gcc/arm-none-eabi/12.3.1/thumb/v6-m/nofp\libgcc.a(_udivsi3.o)

.debug_line_str
                0x00000000       0x79
 .debug_line_str
                0x00000000       0x79 ./Core/Startup/startup_stm32g071rbtx.o
