Archive member included to satisfy reference by file (symbol)

C:/ST/STM32CubeIDE_1.16.0/STM32CubeIDE/plugins/com.st.stm32cube.ide.mcu.externaltools.gnu-tools-for-stm32.12.3.rel1.win32_1.0.200.202406191623/tools/bin/../lib/gcc/arm-none-eabi/12.3.1/../../../../arm-none-eabi/lib/thumb/v6-m/nofp\libc_nano.a(libc_a-exit.o)
                              C:/ST/STM32CubeIDE_1.16.0/STM32CubeIDE/plugins/com.st.stm32cube.ide.mcu.externaltools.gnu-tools-for-stm32.12.3.rel1.win32_1.0.200.202406191623/tools/bin/../lib/gcc/arm-none-eabi/12.3.1/../../../../arm-none-eabi/lib/thumb/v6-m/nofp/crt0.o (exit)
C:/ST/STM32CubeIDE_1.16.0/STM32CubeIDE/plugins/com.st.stm32cube.ide.mcu.externaltools.gnu-tools-for-stm32.12.3.rel1.win32_1.0.200.202406191623/tools/bin/../lib/gcc/arm-none-eabi/12.3.1/../../../../arm-none-eabi/lib/thumb/v6-m/nofp\libc_nano.a(libc_a-findfp.o)
                              C:/ST/STM32CubeIDE_1.16.0/STM32CubeIDE/plugins/com.st.stm32cube.ide.mcu.externaltools.gnu-tools-for-stm32.12.3.rel1.win32_1.0.200.202406191623/tools/bin/../lib/gcc/arm-none-eabi/12.3.1/../../../../arm-none-eabi/lib/thumb/v6-m/nofp\libc_nano.a(libc_a-exit.o) (__stdio_exit_handler)
C:/ST/STM32CubeIDE_1.16.0/STM32CubeIDE/plugins/com.st.stm32cube.ide.mcu.externaltools.gnu-tools-for-stm32.12.3.rel1.win32_1.0.200.202406191623/tools/bin/../lib/gcc/arm-none-eabi/12.3.1/../../../../arm-none-eabi/lib/thumb/v6-m/nofp\libc_nano.a(libc_a-fwalk.o)
                              C:/ST/STM32CubeIDE_1.16.0/STM32CubeIDE/plugins/com.st.stm32cube.ide.mcu.externaltools.gnu-tools-for-stm32.12.3.rel1.win32_1.0.200.202406191623/tools/bin/../lib/gcc/arm-none-eabi/12.3.1/../../../../arm-none-eabi/lib/thumb/v6-m/nofp\libc_nano.a(libc_a-findfp.o) (_fwalk_sglue)
C:/ST/STM32CubeIDE_1.16.0/STM32CubeIDE/plugins/com.st.stm32cube.ide.mcu.externaltools.gnu-tools-for-stm32.12.3.rel1.win32_1.0.200.202406191623/tools/bin/../lib/gcc/arm-none-eabi/12.3.1/../../../../arm-none-eabi/lib/thumb/v6-m/nofp\libc_nano.a(libc_a-stdio.o)
                              C:/ST/STM32CubeIDE_1.16.0/STM32CubeIDE/plugins/com.st.stm32cube.ide.mcu.externaltools.gnu-tools-for-stm32.12.3.rel1.win32_1.0.200.202406191623/tools/bin/../lib/gcc/arm-none-eabi/12.3.1/../../../../arm-none-eabi/lib/thumb/v6-m/nofp\libc_nano.a(libc_a-findfp.o) (__sread)
C:/ST/STM32CubeIDE_1.16.0/STM32CubeIDE/plugins/com.st.stm32cube.ide.mcu.externaltools.gnu-tools-for-stm32.12.3.rel1.win32_1.0.200.202406191623/tools/bin/../lib/gcc/arm-none-eabi/12.3.1/../../../../arm-none-eabi/lib/thumb/v6-m/nofp\libc_nano.a(libc_a-memset.o)
                              C:/ST/STM32CubeIDE_1.16.0/STM32CubeIDE/plugins/com.st.stm32cube.ide.mcu.externaltools.gnu-tools-for-stm32.12.3.rel1.win32_1.0.200.202406191623/tools/bin/../lib/gcc/arm-none-eabi/12.3.1/../../../../arm-none-eabi/lib/thumb/v6-m/nofp/crt0.o (memset)
C:/ST/STM32CubeIDE_1.16.0/STM32CubeIDE/plugins/com.st.stm32cube.ide.mcu.externaltools.gnu-tools-for-stm32.12.3.rel1.win32_1.0.200.202406191623/tools/bin/../lib/gcc/arm-none-eabi/12.3.1/../../../../arm-none-eabi/lib/thumb/v6-m/nofp\libc_nano.a(libc_a-closer.o)
                              C:/ST/STM32CubeIDE_1.16.0/STM32CubeIDE/plugins/com.st.stm32cube.ide.mcu.externaltools.gnu-tools-for-stm32.12.3.rel1.win32_1.0.200.202406191623/tools/bin/../lib/gcc/arm-none-eabi/12.3.1/../../../../arm-none-eabi/lib/thumb/v6-m/nofp\libc_nano.a(libc_a-stdio.o) (_close_r)
C:/ST/STM32CubeIDE_1.16.0/STM32CubeIDE/plugins/com.st.stm32cube.ide.mcu.externaltools.gnu-tools-for-stm32.12.3.rel1.win32_1.0.200.202406191623/tools/bin/../lib/gcc/arm-none-eabi/12.3.1/../../../../arm-none-eabi/lib/thumb/v6-m/nofp\libc_nano.a(libc_a-reent.o)
                              C:/ST/STM32CubeIDE_1.16.0/STM32CubeIDE/plugins/com.st.stm32cube.ide.mcu.externaltools.gnu-tools-for-stm32.12.3.rel1.win32_1.0.200.202406191623/tools/bin/../lib/gcc/arm-none-eabi/12.3.1/../../../../arm-none-eabi/lib/thumb/v6-m/nofp\libc_nano.a(libc_a-closer.o) (errno)
C:/ST/STM32CubeIDE_1.16.0/STM32CubeIDE/plugins/com.st.stm32cube.ide.mcu.externaltools.gnu-tools-for-stm32.12.3.rel1.win32_1.0.200.202406191623/tools/bin/../lib/gcc/arm-none-eabi/12.3.1/../../../../arm-none-eabi/lib/thumb/v6-m/nofp\libc_nano.a(libc_a-impure.o)
                              C:/ST/STM32CubeIDE_1.16.0/STM32CubeIDE/plugins/com.st.stm32cube.ide.mcu.externaltools.gnu-tools-for-stm32.12.3.rel1.win32_1.0.200.202406191623/tools/bin/../lib/gcc/arm-none-eabi/12.3.1/../../../../arm-none-eabi/lib/thumb/v6-m/nofp\libc_nano.a(libc_a-reent.o) (_impure_ptr)
C:/ST/STM32CubeIDE_1.16.0/STM32CubeIDE/plugins/com.st.stm32cube.ide.mcu.externaltools.gnu-tools-for-stm32.12.3.rel1.win32_1.0.200.202406191623/tools/bin/../lib/gcc/arm-none-eabi/12.3.1/../../../../arm-none-eabi/lib/thumb/v6-m/nofp\libc_nano.a(libc_a-lseekr.o)
[...]
Memory Configuration

Name             Origin             Length             Attributes
RAM              0x20000000         0x00009000         xrw
FLASH            0x08000000         0x00020000         xr
*default*        0x00000000         0xffffffff

Linker script and memory map

LOAD C:/ST/STM32CubeIDE_1.16.0/STM32CubeIDE/plugins/com.st.stm32cube.ide.mcu.externaltools.gnu-tools-for-stm32.12.3.rel1.win32_1.0.200.202406191623/tools/bin/../lib/gcc/arm-none-eabi/12.3.1/thumb/v6-m/nofp/crti.o
LOAD C:/ST/STM32CubeIDE_1.16.0/STM32CubeIDE/plugins/com.st.stm32cube.ide.mcu.externaltools.gnu-tools-for-stm32.12.3.rel1.win32_1.0.200.202406191623/tools/bin/../lib/gcc/arm-none-eabi/12.3.1/thumb/v6-m/nofp/crtbegin.o
LOAD C:/ST/STM32CubeIDE_1.16.0/STM32CubeIDE/plugins/com.st.stm32cube.ide.mcu.externaltools.gnu-tools-for-stm32.12.3.rel1.win32_1.0.200.202406191623/tools/bin/../lib/gcc/arm-none-eabi/12.3.1/../../../../arm-none-eabi/lib/thumb/v6-m/nofp/crt0.o
LOAD ./Core/Src/main.o
LOAD ./Core/Src/stm32g0xx_it.o
LOAD ./Core/Src/syscalls.o
LOAD ./Core/Src/sysmem.o
LOAD ./Core/Src/system_stm32g0xx.o
LOAD ./Core/Startup/startup_stm32g071rbtx.o
LOAD ./Drivers/STM32G0xx_HAL_Driver/Src/stm32g0xx_ll_dma.o
LOAD ./Drivers/STM32G0xx_HAL_Driver/Src/stm32g0xx_ll_exti.o
LOAD ./Drivers/STM32G0xx_HAL_Driver/Src/stm32g0xx_ll_gpio.o
LOAD ./Drivers/STM32G0xx_HAL_Driver/Src/stm32g0xx_ll_pwr.o
LOAD ./Drivers/STM32G0xx_HAL_Driver/Src/stm32g0xx_ll_rcc.o
LOAD ./Drivers/STM32G0xx_HAL_Driver/Src/stm32g0xx_ll_usart.o
LOAD ./Drivers/STM32G0xx_HAL_Driver/Src/stm32g0xx_ll_utils.o
START GROUP
LOAD C:/ST/STM32CubeIDE_1.16.0/STM32CubeIDE/plugins/com.st.stm32cube.ide.mcu.externaltools.gnu-tools-for-stm32.12.3.rel1.win32_1.0.200.202406191623/tools/bin/../lib/gcc/arm-none-eabi/12.3.1/../../../../arm-none-eabi/lib/thumb/v6-m/nofp\libc_nano.a
LOAD C:/ST/STM32CubeIDE_1.16.0/STM32CubeIDE/plugins/com.st.stm32cube.ide.mcu.externaltools.gnu-tools-for-stm32.12.3.rel1.win32_1.0.200.202406191623/tools/bin/../lib/gcc/arm-none-eabi/12.3.1/../../../../arm-none-eabi/lib/thumb/v6-m/nofp\libm.a
END GROUP
START GROUP
LOAD C:/ST/STM32CubeIDE_1.16.0/STM32CubeIDE/plugins/com.st.stm32cube.ide.mcu.externaltools.gnu-tools-for-stm32.12.3.rel1.win32_1.0.200.202406191623/tools/bin/../lib/gcc/arm-none-eabi/12.3.1/thumb/v6-m/nofp\libgcc.a
LOAD C:/ST/STM32CubeIDE_1.16.0/STM32CubeIDE/plugins/com.st.stm32cube.ide.mcu.externaltools.gnu-tools-for-stm32.12.3.rel1.win32_1.0.200.202406191623/tools/bin/../lib/gcc/arm-none-eabi/12.3.1/../../../../arm-none-eabi/lib/thumb/v6-m/nofp\libc_nano.a
END GROUP
START GROUP
LOAD C:/ST/STM32CubeIDE_1.16.0/STM32CubeIDE/plugins/com.st.stm32cube.ide.mcu.externaltools.gnu-tools-for-stm32.12.3.rel1.win32_1.0.200.202406191623/tools/bin/../lib/gcc/arm-none-eabi/12.3.1/thumb/v6-m/nofp\libgcc.a
LOAD C:/ST/STM32CubeIDE_1.16.0/STM32CubeIDE/plugins/com.st.stm32cube.ide.mcu.externaltools.gnu-tools-for-stm32.12.3.rel1.win32_1.0.200.202406191623/tools/bin/../lib/gcc/arm-none-eabi/12.3.1/../../../../arm-none-eabi/lib/thumb/v6-m/nofp\libc_nano.a
LOAD C:/ST/STM32CubeIDE_1.16.0/STM32CubeIDE/plugins/com.st.stm32cube.ide.mcu.externaltools.gnu-tools-for-stm32.12.3.rel1.win32_1.0.200.202406191623/tools/bin/../lib/gcc/arm-none-eabi/12.3.1/../../../../arm-none-eabi/lib/thumb/v6-m/nofp\libnosys.a
END GROUP
START GROUP
LOAD C:/ST/STM32CubeIDE_1.16.0/STM32CubeIDE/plugins/com.st.stm32cube.ide.mcu.externaltools.gnu-tools-for-stm32.12.3.rel1.win32_1.0.200.202406191623/tools/bin/../lib/gcc/arm-none-eabi/12.3.1/thumb/v6-m/nofp\libgcc.a
LOAD C:/ST/STM32CubeIDE_1.16.0/STM32CubeIDE/plugins/com.st.stm32cube.ide.mcu.externaltools.gnu-tools-for-stm32.12.3.rel1.win32_1.0.200.202406191623/tools/bin/../lib/gcc/arm-none-eabi/12.3.1/../../../../arm-none-eabi/lib/thumb/v6-m/nofp\libc_nano.a
LOAD C:/ST/STM32CubeIDE_1.16.0/STM32CubeIDE/plugins/com.st.stm32cube.ide.mcu.externaltools.gnu-tools-for-stm32.12.3.rel1.win32_1.0.200.202406191623/tools/bin/../lib/gcc/arm-none-eabi/12.3.1/../../../../arm-none-eabi/lib/thumb/v6-m/nofp\libnosys.a
END GROUP
LOAD C:/ST/STM32CubeIDE_1.16.0/STM32CubeIDE/plugins/com.st.stm32cube.ide.mcu.externaltools.gnu-tools-for-stm32.12.3.rel1.win32_1.0.200.202406191623/tools/bin/../lib/gcc/arm-none-eabi/12.3.1/thumb/v6-m/nofp/crtend.o
LOAD C:/ST/STM32CubeIDE_1.16.0/STM32CubeIDE/plugins/com.st.stm32cube.ide.mcu.externaltools.gnu-tools-for-stm32.12.3.rel1.win32_1.0.200.202406191623/tools/bin/../lib/gcc/arm-none-eabi/12.3.1/thumb/v6-m/nofp/crtn.o
                0x20009000                        _estack = (ORIGIN (RAM) + LENGTH (RAM))
                0x00000200                        _Min_Heap_Size = 0x200
                0x00000400                        _Min_Stack_Size = 0x400

.isr_vector     0x08000000       0xbc
                0x08000000                        . = ALIGN (0x4)
 *(.isr_vector)
 .isr_vector    0x08000000       0xbc ./Core/Startup/startup_stm32g071rbtx.o
                0x08000000                g_pfnVectors
                0x080000bc                        . = ALIGN (0x4)

.text           0x080000bc     0x1f5c
                0x080000bc                        . = ALIGN (0x4)
 *(.text)
 .text          0x080000bc       0x48 C:/ST/STM32CubeIDE_1.16.0/STM32CubeIDE/plugins/com.st.stm32cube.ide.mcu.externaltools.gnu-tools-for-stm32.12.3.rel1.win32_1.0.200.202406191623/tools/bin/../lib/gcc/arm-none-eabi/12.3.1/thumb/v6-m/nofp/crtbegin.o
 .text          0x08000104      0x114 C:/ST/STM32CubeIDE_1.16.0/STM32CubeIDE/plugins/com.st.stm32cube.ide.mcu.externaltools.gnu-tools-for-stm32.12.3.rel1.win32_1.0.200.202406191623/tools/bin/../lib/gcc/arm-none-eabi/12.3.1/thumb/v6-m/nofp\libgcc.a(_udivsi3.o)
                0x08000104                __aeabi_uidiv
                0x08000104                __udivsi3
                0x08000210                __aeabi_uidivmod
 .text          0x08000218        0x4 C:/ST/STM32CubeIDE_1.16.0/STM32CubeIDE/plugins/com.st.stm32cube.ide.mcu.externaltools.gnu-tools-for-stm32.12.3.rel1.win32_1.0.200.202406191623/tools/bin/../lib/gcc/arm-none-eabi/12.3.1/thumb/v6-m/nofp\libgcc.a(_dvmd_tls.o)
                0x08000218                __aeabi_idiv0
                0x08000218                __aeabi_ldiv0
 *(.text*)
 .text.__NVIC_EnableIRQ
                0x0800021c       0x34 ./Core/Src/main.o
 .text.__NVIC_SetPriority
                0x08000250       0xdc ./Core/Src/main.o
 .text.LL_DMA_EnableChannel
                0x0800032c       0x40 ./Core/Src/main.o
 .text.LL_DMA_DisableChannel
                0x0800036c       0x40 ./Core/Src/main.o
 .text.LL_DMA_SetDataTransferDirection
                0x080003ac       0x4c ./Core/Src/main.o
 .text.LL_DMA_GetDataTransferDirection
                0x080003f8       0x34 ./Core/Src/main.o
 .text.LL_DMA_SetMode
                0x0800042c       0x48 ./Core/Src/main.o
 .text.LL_DMA_SetPeriphIncMode
                0x08000474       0x48 ./Core/Src/main.o
 .text.LL_DMA_SetMemoryIncMode
                0x080004bc       0x48 ./Core/Src/main.o
 .text.LL_DMA_SetPeriphSize
                0x08000504       0x4c ./Core/Src/main.o
 .text.LL_DMA_SetMemorySize
                0x08000550       0x4c ./Core/Src/main.o
 .text.LL_DMA_SetChannelPriorityLevel
                0x0800059c       0x4c ./Core/Src/main.o
 .text.LL_DMA_SetDataLength
                0x080005e8       0x44 ./Core/Src/main.o
 .text.LL_DMA_ConfigAddresses
                0x0800062c       0x70 ./Core/Src/main.o
 .text.LL_DMA_SetPeriphRequest
                0x0800069c       0x58 ./Core/Src/main.o
 .text.LL_DMA_EnableIT_TC
                0x080006f4       0x40 ./Core/Src/main.o
 .text.LL_DMA_EnableIT_TE
                0x08000734       0x40 ./Core/Src/main.o
 .text.LL_RCC_HSI_Enable
                0x08000774       0x1c ./Core/Src/main.o
 .text.LL_RCC_HSI_IsReady
                0x08000790       0x28 ./Core/Src/main.o
 .text.LL_RCC_SetSysClkSource
                0x080007b8       0x28 ./Core/Src/main.o
 .text.LL_RCC_GetSysClkSource
                0x080007e0       0x18 ./Core/Src/main.o
 .text.LL_RCC_SetAHBPrescaler
                0x080007f8       0x2c ./Core/Src/main.o
 .text.LL_RCC_SetAPB1Prescaler
                0x08000824       0x2c ./Core/Src/main.o
 .text.LL_RCC_PLL_Enable
                0x08000850       0x1c ./Core/Src/main.o
 .text.LL_RCC_PLL_IsReady
                0x0800086c       0x28 ./Core/Src/main.o
 .text.LL_RCC_PLL_ConfigDomain_SYS
                0x08000894       0x40 ./Core/Src/main.o
 .text.LL_RCC_PLL_EnableDomain_SYS
                0x080008d4       0x1c ./Core/Src/main.o
 .text.LL_AHB1_GRP1_EnableClock
                0x080008f0       0x2c ./Core/Src/main.o
 .text.LL_APB1_GRP1_EnableClock
                0x0800091c       0x2c ./Core/Src/main.o
 .text.LL_APB2_GRP1_EnableClock
                0x08000948       0x2c ./Core/Src/main.o
 .text.LL_IOP_GRP1_EnableClock
                0x08000974       0x2c ./Core/Src/main.o
 .text.LL_SYSCFG_DisableDBATT
                0x080009a0       0x20 ./Core/Src/main.o
 .text.LL_FLASH_SetLatency
                0x080009c0       0x28 ./Core/Src/main.o
 .text.LL_EXTI_EnableIT_0_31
                0x080009e8       0x24 ./Core/Src/main.o
 .text.LL_EXTI_EnableFallingTrig_0_31
                0x08000a0c       0x20 ./Core/Src/main.o
 .text.LL_EXTI_SetEXTISource
                0x08000a2c       0x4c ./Core/Src/main.o
 .text.LL_USART_Enable
                0x08000a78       0x1c ./Core/Src/main.o
 .text.LL_USART_DisableFIFO
                0x08000a94       0x20 ./Core/Src/main.o
 .text.LL_USART_SetTXFIFOThreshold
                0x08000ab4       0x46 ./Core/Src/main.o
 *fill*         0x08000afa        0x2 
 .text.LL_USART_SetRXFIFOThreshold
                0x08000afc       0x4c ./Core/Src/main.o
 .text.LL_USART_EnableRxTimeout
                0x08000b48       0x1e ./Core/Src/main.o
 .text.LL_USART_SetRxTimeout
                0x08000b66       0x22 ./Core/Src/main.o
 .text.LL_USART_ConfigAsyncMode
                0x08000b88       0x30 ./Core/Src/main.o
 .text.LL_USART_IsActiveFlag_RTO
                0x08000bb8       0x28 ./Core/Src/main.o
 .text.LL_USART_IsActiveFlag_TEACK
                0x08000be0       0x28 ./Core/Src/main.o
 .text.LL_USART_IsActiveFlag_REACK
                0x08000c08       0x28 ./Core/Src/main.o
 .text.LL_USART_ClearFlag_PE
                0x08000c30       0x16 ./Core/Src/main.o
 .text.LL_USART_ClearFlag_FE
                0x08000c46       0x16 ./Core/Src/main.o
 .text.LL_USART_ClearFlag_NE
                0x08000c5c       0x16 ./Core/Src/main.o
 .text.LL_USART_ClearFlag_ORE
                0x08000c72       0x16 ./Core/Src/main.o
 .text.LL_USART_ClearFlag_RTO
                0x08000c88       0x18 ./Core/Src/main.o
 .text.LL_USART_EnableIT_RTO
                0x08000ca0       0x40 ./Core/Src/main.o
 .text.LL_USART_EnableDMAReq_RX
                0x08000ce0       0x3e ./Core/Src/main.o
 .text.LL_USART_DMA_GetRegAddr
                0x08000d1e       0x28 ./Core/Src/main.o
 .text.LL_GPIO_SetPinMode
                0x08000d46       0x38 ./Core/Src/main.o
 .text.LL_GPIO_SetPinPull
                0x08000d7e       0x38 ./Core/Src/main.o
 .text.LL_GPIO_SetOutputPin
                0x08000db6       0x18 ./Core/Src/main.o
 .text.LL_GPIO_ResetOutputPin
                0x08000dce       0x18 ./Core/Src/main.o
 .text.LL_GPIO_TogglePin
                0x08000de6       0x2e ./Core/Src/main.o
 .text.main     0x08000e14       0x98 ./Core/Src/main.o
                0x08000e14                main
 .text.SystemClock_Config
                0x08000eac       0x74 ./Core/Src/main.o
                0x08000eac                SystemClock_Config
 .text.MX_USART2_UART_Init
                0x08000f20      0x258 ./Core/Src/main.o
 .text.MX_DMA_Init
                0x08001178       0x1e ./Core/Src/main.o
 .text.MX_GPIO_Init
                0x08001196       0x5a ./Core/Src/main.o
 .text.UserButton_Init
                0x080011f0       0x60 ./Core/Src/main.o
                0x080011f0                UserButton_Init
 .text.LED_On   0x08001250       0x16 ./Core/Src/main.o
                0x08001250                LED_On
 .text.LED_Off  0x08001266       0x16 ./Core/Src/main.o
                0x08001266                LED_Off
 .text.LED_Blinking
                0x0800127c       0x20 ./Core/Src/main.o
                0x0800127c                LED_Blinking
 .text.WaitForUserButtonPress
                0x0800129c       0x58 ./Core/Src/main.o
                0x0800129c                WaitForUserButtonPress
 .text.StartTransfer
                0x080012f4       0x24 ./Core/Src/main.o
                0x080012f4                StartTransfer
 .text.ExecuteTasksAndDisableChannel
                0x08001318       0x34 ./Core/Src/main.o
                0x08001318                ExecuteTasksAndDisableChannel
 .text.DMA1_ReceiveComplete_Callback
                0x0800134c       0x14 ./Core/Src/main.o
                0x0800134c                DMA1_ReceiveComplete_Callback
 .text.UserButton_Callback
                0x08001360       0x14 ./Core/Src/main.o
                0x08001360                UserButton_Callback
 .text.ResetFlags
                0x08001374       0x14 ./Core/Src/main.o
                0x08001374                ResetFlags
 .text.USART_TransferError_Callback
                0x08001388       0x2c ./Core/Src/main.o
                0x08001388                USART_TransferError_Callback
 .text.USART2_IRQHandler
                0x080013b4       0xb0 ./Core/Src/main.o
                0x080013b4                USART2_IRQHandler
 .text.Task1    0x08001464       0x58 ./Core/Src/main.o
                0x08001464                Task1
 .text.LightTask
                0x080014bc       0x74 ./Core/Src/main.o
                0x080014bc                LightTask
 .text.LL_DMA_IsActiveFlag_TC2
                0x08001530       0x22 ./Core/Src/stm32g0xx_it.o
 .text.LL_DMA_IsActiveFlag_TE2
                0x08001552       0x22 ./Core/Src/stm32g0xx_it.o
 .text.LL_DMA_ClearFlag_TC2
                0x08001574       0x16 ./Core/Src/stm32g0xx_it.o
 *fill*         0x0800158a        0x2 
 .text.LL_EXTI_IsActiveFallingFlag_0_31
                0x0800158c       0x28 ./Core/Src/stm32g0xx_it.o
 .text.LL_EXTI_ClearFallingFlag_0_31
                0x080015b4       0x1c ./Core/Src/stm32g0xx_it.o
 .text.NMI_Handler
                0x080015d0        0x8 ./Core/Src/stm32g0xx_it.o
                0x080015d0                NMI_Handler
 .text.HardFault_Handler
                0x080015d8        0x8 ./Core/Src/stm32g0xx_it.o
                0x080015d8                HardFault_Handler
 .text.SVC_Handler
                0x080015e0        0xa ./Core/Src/stm32g0xx_it.o
                0x080015e0                SVC_Handler
 .text.PendSV_Handler
                0x080015ea        0xa ./Core/Src/stm32g0xx_it.o
                0x080015ea                PendSV_Handler
 .text.SysTick_Handler
                0x080015f4        0xa ./Core/Src/stm32g0xx_it.o
                0x080015f4                SysTick_Handler
 .text.DMA1_Channel1_IRQHandler
                0x080015fe        0xa ./Core/Src/stm32g0xx_it.o
                0x080015fe                DMA1_Channel1_IRQHandler
 .text.DMA1_Channel2_3_IRQHandler
                0x08001608       0x38 ./Core/Src/stm32g0xx_it.o
                0x08001608                DMA1_Channel2_3_IRQHandler
 .text.EXTI4_15_IRQHandler
                0x08001640       0x26 ./Core/Src/stm32g0xx_it.o
                0x08001640                EXTI4_15_IRQHandler
 .text.SystemInit
                0x08001666        0xa ./Core/Src/system_stm32g0xx.o
                0x08001666                SystemInit
 .text.Reset_Handler
                0x08001670       0x50 ./Core/Startup/startup_stm32g071rbtx.o
                0x08001670                Reset_Handler
 .text.Default_Handler
                0x080016c0        0x2 ./Core/Startup/startup_stm32g071rbtx.o
                0x080016c0                USART3_4_LPUART1_IRQHandler
                0x080016c0                TIM1_CC_IRQHandler
                0x080016c0                ADC1_COMP_IRQHandler
                0x080016c0                PVD_IRQHandler
                0x080016c0                I2C1_IRQHandler
                0x080016c0                TIM7_LPTIM2_IRQHandler
                0x080016c0                RTC_TAMP_IRQHandler
                0x080016c0                SPI1_IRQHandler
                0x080016c0                EXTI2_3_IRQHandler
                0x080016c0                I2C2_IRQHandler
                0x080016c0                TIM17_IRQHandler
                0x080016c0                TIM16_IRQHandler
                0x080016c0                TIM3_IRQHandler
                0x080016c0                RCC_IRQHandler
                0x080016c0                Default_Handler
                0x080016c0                CEC_IRQHandler
                0x080016c0                TIM14_IRQHandler
                0x080016c0                TIM15_IRQHandler
                0x080016c0                EXTI0_1_IRQHandler
                0x080016c0                SPI2_IRQHandler
                0x080016c0                TIM6_DAC_LPTIM1_IRQHandler
                0x080016c0                WWDG_IRQHandler
                0x080016c0                TIM2_IRQHandler
                0x080016c0                DMA1_Ch4_7_DMAMUX1_OVR_IRQHandler
                0x080016c0                UCPD1_2_IRQHandler
                0x080016c0                FLASH_IRQHandler
                0x080016c0                USART1_IRQHandler
                0x080016c0                TIM1_BRK_UP_TRG_COM_IRQHandler
 .text.LL_GPIO_SetPinMode
                0x080016c2       0x38 ./Drivers/STM32G0xx_HAL_Driver/Src/stm32g0xx_ll_gpio.o
 .text.LL_GPIO_SetPinOutputType
                0x080016fa       0x2a ./Drivers/STM32G0xx_HAL_Driver/Src/stm32g0xx_ll_gpio.o
 .text.LL_GPIO_SetPinSpeed
                0x08001724       0x38 ./Drivers/STM32G0xx_HAL_Driver/Src/stm32g0xx_ll_gpio.o
 .text.LL_GPIO_SetPinPull
                0x0800175c       0x38 ./Drivers/STM32G0xx_HAL_Driver/Src/stm32g0xx_ll_gpio.o
 .text.LL_GPIO_SetAFPin_0_7
                0x08001794       0x46 ./Drivers/STM32G0xx_HAL_Driver/Src/stm32g0xx_ll_gpio.o
 .text.LL_GPIO_SetAFPin_8_15
                0x080017da       0x5a ./Drivers/STM32G0xx_HAL_Driver/Src/stm32g0xx_ll_gpio.o
 .text.LL_GPIO_Init
                0x08001834       0xb6 ./Drivers/STM32G0xx_HAL_Driver/Src/stm32g0xx_ll_gpio.o
                0x08001834                LL_GPIO_Init
 *fill*         0x080018ea        0x2 
 .text.LL_RCC_HSI_IsReady
                0x080018ec       0x28 ./Drivers/STM32G0xx_HAL_Driver/Src/stm32g0xx_ll_rcc.o
 .text.LL_RCC_LSE_IsReady
                0x08001914       0x20 ./Drivers/STM32G0xx_HAL_Driver/Src/stm32g0xx_ll_rcc.o
 .text.LL_RCC_GetSysClkSource
                0x08001934       0x18 ./Drivers/STM32G0xx_HAL_Driver/Src/stm32g0xx_ll_rcc.o
 .text.LL_RCC_GetAHBPrescaler
                0x0800194c       0x18 ./Drivers/STM32G0xx_HAL_Driver/Src/stm32g0xx_ll_rcc.o
 .text.LL_RCC_GetAPB1Prescaler
                0x08001964       0x18 ./Drivers/STM32G0xx_HAL_Driver/Src/stm32g0xx_ll_rcc.o
 .text.LL_RCC_GetUSARTClockSource
                0x0800197c       0x24 ./Drivers/STM32G0xx_HAL_Driver/Src/stm32g0xx_ll_rcc.o
 .text.LL_RCC_PLL_GetN
                0x080019a0       0x18 ./Drivers/STM32G0xx_HAL_Driver/Src/stm32g0xx_ll_rcc.o
 .text.LL_RCC_PLL_GetR
                0x080019b8       0x18 ./Drivers/STM32G0xx_HAL_Driver/Src/stm32g0xx_ll_rcc.o
 .text.LL_RCC_PLL_GetMainSource
                0x080019d0       0x18 ./Drivers/STM32G0xx_HAL_Driver/Src/stm32g0xx_ll_rcc.o
 .text.LL_RCC_PLL_GetDivider
                0x080019e8       0x18 ./Drivers/STM32G0xx_HAL_Driver/Src/stm32g0xx_ll_rcc.o
 .text.LL_RCC_GetSystemClocksFreq
                0x08001a00       0x3a ./Drivers/STM32G0xx_HAL_Driver/Src/stm32g0xx_ll_rcc.o
                0x08001a00                LL_RCC_GetSystemClocksFreq
 *fill*         0x08001a3a        0x2 
 .text.LL_RCC_GetUSARTClockFreq
                0x08001a3c      0x120 ./Drivers/STM32G0xx_HAL_Driver/Src/stm32g0xx_ll_rcc.o
                0x08001a3c                LL_RCC_GetUSARTClockFreq
 .text.RCC_GetSystemClockFreq
                0x08001b5c       0x5c ./Drivers/STM32G0xx_HAL_Driver/Src/stm32g0xx_ll_rcc.o
 .text.RCC_GetHCLKClockFreq
                0x08001bb8       0x30 ./Drivers/STM32G0xx_HAL_Driver/Src/stm32g0xx_ll_rcc.o
 .text.RCC_GetPCLK1ClockFreq
                0x08001be8       0x2c ./Drivers/STM32G0xx_HAL_Driver/Src/stm32g0xx_ll_rcc.o
 .text.RCC_PLL_GetFreqDomain_SYS
                0x08001c14       0x74 ./Drivers/STM32G0xx_HAL_Driver/Src/stm32g0xx_ll_rcc.o
 .text.LL_USART_IsEnabled
                0x08001c88       0x22 ./Drivers/STM32G0xx_HAL_Driver/Src/stm32g0xx_ll_usart.o
 .text.LL_USART_SetPrescaler
                0x08001caa       0x24 ./Drivers/STM32G0xx_HAL_Driver/Src/stm32g0xx_ll_usart.o
 *fill*         0x08001cce        0x2 
 .text.LL_USART_SetStopBitsLength
                0x08001cd0       0x28 ./Drivers/STM32G0xx_HAL_Driver/Src/stm32g0xx_ll_usart.o
 .text.LL_USART_SetHWFlowCtrl
                0x08001cf8       0x28 ./Drivers/STM32G0xx_HAL_Driver/Src/stm32g0xx_ll_usart.o
 .text.LL_USART_SetBaudRate
                0x08001d20       0xb4 ./Drivers/STM32G0xx_HAL_Driver/Src/stm32g0xx_ll_usart.o
 .text.LL_USART_Init
                0x08001dd4      0x11c ./Drivers/STM32G0xx_HAL_Driver/Src/stm32g0xx_ll_usart.o
                0x08001dd4                LL_USART_Init
 .text.LL_InitTick
                0x08001ef0       0x34 ./Drivers/STM32G0xx_HAL_Driver/Src/stm32g0xx_ll_utils.o
 .text.LL_Init1msTick
                0x08001f24       0x1e ./Drivers/STM32G0xx_HAL_Driver/Src/stm32g0xx_ll_utils.o
                0x08001f24                LL_Init1msTick
 *fill*         0x08001f42        0x2 
 .text.LL_mDelay
                0x08001f44       0x48 ./Drivers/STM32G0xx_HAL_Driver/Src/stm32g0xx_ll_utils.o
                0x08001f44                LL_mDelay
 .text.LL_SetSystemCoreClock
                0x08001f8c       0x1c ./Drivers/STM32G0xx_HAL_Driver/Src/stm32g0xx_ll_utils.o
                0x08001f8c                LL_SetSystemCoreClock
 .text.memset   0x08001fa8       0x10 C:/ST/STM32CubeIDE_1.16.0/STM32CubeIDE/plugins/com.st.stm32cube.ide.mcu.externaltools.gnu-tools-for-stm32.12.3.rel1.win32_1.0.200.202406191623/tools/bin/../lib/gcc/arm-none-eabi/12.3.1/../../../../arm-none-eabi/lib/thumb/v6-m/nofp\libc_nano.a(libc_a-memset.o)
                0x08001fa8                memset
 .text.__libc_init_array
                0x08001fb8       0x48 C:/ST/STM32CubeIDE_1.16.0/STM32CubeIDE/plugins/com.st.stm32cube.ide.mcu.externaltools.gnu-tools-for-stm32.12.3.rel1.win32_1.0.200.202406191623/tools/bin/../lib/gcc/arm-none-eabi/12.3.1/../../../../arm-none-eabi/lib/thumb/v6-m/nofp\libc_nano.a(libc_a-init.o)
                0x08001fb8                __libc_init_array
 *(.glue_7)
 .glue_7        0x08002000        0x0 linker stubs
 *(.glue_7t)
 .glue_7t       0x08002000        0x0 linker stubs
 *(.eh_frame)
 .eh_frame      0x08002000        0x0 C:/ST/STM32CubeIDE_1.16.0/STM32CubeIDE/plugins/com.st.stm32cube.ide.mcu.externaltools.gnu-tools-for-stm32.12.3.rel1.win32_1.0.200.202406191623/tools/bin/../lib/gcc/arm-none-eabi/12.3.1/thumb/v6-m/nofp/crtbegin.o
 *(.init)
 .init          0x08002000        0x4 C:/ST/STM32CubeIDE_1.16.0/STM32CubeIDE/plugins/com.st.stm32cube.ide.mcu.externaltools.gnu-tools-for-stm32.12.3.rel1.win32_1.0.200.202406191623/tools/bin/../lib/gcc/arm-none-eabi/12.3.1/thumb/v6-m/nofp/crti.o
                0x08002000                _init
 .init          0x08002004        0x8 C:/ST/STM32CubeIDE_1.16.0/STM32CubeIDE/plugins/com.st.stm32cube.ide.mcu.externaltools.gnu-tools-for-stm32.12.3.rel1.win32_1.0.200.202406191623/tools/bin/../lib/gcc/arm-none-eabi/12.3.1/thumb/v6-m/nofp/crtn.o
 *(.fini)
 .fini          0x0800200c        0x4 C:/ST/STM32CubeIDE_1.16.0/STM32CubeIDE/plugins/com.st.stm32cube.ide.mcu.externaltools.gnu-tools-for-stm32.12.3.rel1.win32_1.0.200.202406191623/tools/bin/../lib/gcc/arm-none-eabi/12.3.1/thumb/v6-m/nofp/crti.o
                0x0800200c                _fini
 .fini          0x08002010        0x8 C:/ST/STM32CubeIDE_1.16.0/STM32CubeIDE/plugins/com.st.stm32cube.ide.mcu.externaltools.gnu-tools-for-stm32.12.3.rel1.win32_1.0.200.202406191623/tools/bin/../lib/gcc/arm-none-eabi/12.3.1/thumb/v6-m/nofp/crtn.o
                0x08002018                        . = ALIGN (0x4)
                0x08002018                        _etext = .

.vfp11_veneer   0x08002018        0x0
 .vfp11_veneer  0x08002018        0x0 linker stubs

.v4_bx          0x08002018        0x0
 .v4_bx         0x08002018        0x0 linker stubs

.iplt           0x08002018        0x0
 .iplt          0x08002018        0x0 C:/ST/STM32CubeIDE_1.16.0/STM32CubeIDE/plugins/com.st.stm32cube.ide.mcu.externaltools.gnu-tools-for-stm32.12.3.rel1.win32_1.0.200.202406191623/tools/bin/../lib/gcc/arm-none-eabi/12.3.1/thumb/v6-m/nofp/crtbegin.o

.rodata         0x08002018       0x98
                0x08002018                        . = ALIGN (0x4)
 *(.rodata)
 *(.rodata*)
 .rodata.CHANNEL_OFFSET_TAB
                0x08002018        0x7 ./Core/Src/main.o
 *fill*         0x0800201f        0x1 
 .rodata.AHBPrescTable
                0x08002020       0x40 ./Core/Src/system_stm32g0xx.o
                0x08002020                AHBPrescTable
 .rodata.APBPrescTable
                0x08002060       0x20 ./Core/Src/system_stm32g0xx.o
                0x08002060                APBPrescTable
 .rodata.USART_PRESCALER_TAB
                0x08002080       0x30 ./Drivers/STM32G0xx_HAL_Driver/Src/stm32g0xx_ll_usart.o
                0x080020b0                        . = ALIGN (0x4)

.ARM.extab      0x080020b0        0x0
                0x080020b0                        . = ALIGN (0x4)
 *(.ARM.extab* .gnu.linkonce.armextab.*)
                0x080020b0                        . = ALIGN (0x4)

.ARM            0x080020b0        0x0
                0x080020b0                        . = ALIGN (0x4)
                0x080020b0                        __exidx_start = .
 *(.ARM.exidx*)
                0x080020b0                        __exidx_end = .
                0x080020b0                        . = ALIGN (0x4)

.preinit_array  0x080020b0        0x0
                0x080020b0                        . = ALIGN (0x4)
                0x080020b0                        PROVIDE (__preinit_array_start = .)
 *(.preinit_array*)
                0x080020b0                        PROVIDE (__preinit_array_end = .)
                0x080020b0                        . = ALIGN (0x4)

.init_array     0x080020b0        0x4
                0x080020b0                        . = ALIGN (0x4)
                0x080020b0                        PROVIDE (__init_array_start = .)
 *(SORT_BY_NAME(.init_array.*))
 *(.init_array*)
 .init_array    0x080020b0        0x4 C:/ST/STM32CubeIDE_1.16.0/STM32CubeIDE/plugins/com.st.stm32cube.ide.mcu.externaltools.gnu-tools-for-stm32.12.3.rel1.win32_1.0.200.202406191623/tools/bin/../lib/gcc/arm-none-eabi/12.3.1/thumb/v6-m/nofp/crtbegin.o
                0x080020b4                        PROVIDE (__init_array_end = .)
                0x080020b4                        . = ALIGN (0x4)

.fini_array     0x080020b4        0x4
                0x080020b4                        . = ALIGN (0x4)
                [!provide]                        PROVIDE (__fini_array_start = .)
 *(SORT_BY_NAME(.fini_array.*))
 *(.fini_array*)
 .fini_array    0x080020b4        0x4 C:/ST/STM32CubeIDE_1.16.0/STM32CubeIDE/plugins/com.st.stm32cube.ide.mcu.externaltools.gnu-tools-for-stm32.12.3.rel1.win32_1.0.200.202406191623/tools/bin/../lib/gcc/arm-none-eabi/12.3.1/thumb/v6-m/nofp/crtbegin.o
                [!provide]                        PROVIDE (__fini_array_end = .)
                0x080020b8                        . = ALIGN (0x4)
                0x080020b8                        _sidata = LOADADDR (.data)

.rel.dyn        0x080020b8        0x0
 .rel.iplt      0x080020b8        0x0 C:/ST/STM32CubeIDE_1.16.0/STM32CubeIDE/plugins/com.st.stm32cube.ide.mcu.externaltools.gnu-tools-for-stm32.12.3.rel1.win32_1.0.200.202406191623/tools/bin/../lib/gcc/arm-none-eabi/12.3.1/thumb/v6-m/nofp/crtbegin.o

.data           0x20000000        0x8 load address 0x080020b8
                0x20000000                        . = ALIGN (0x4)
                0x20000000                        _sdata = .
 *(.data)
 *(.data*)
 .data.ubNbDataToReceive
                0x20000000        0x2 ./Core/Src/main.o
                0x20000000                ubNbDataToReceive
 *fill*         0x20000002        0x2 
 .data.SystemCoreClock
                0x20000004        0x4 ./Core/Src/system_stm32g0xx.o
                0x20000004                SystemCoreClock
 *(.RamFunc)
 *(.RamFunc*)
                0x20000008                        . = ALIGN (0x4)
                0x20000008                        _edata = .

.igot.plt       0x20000008        0x0 load address 0x080020c0
 .igot.plt      0x20000008        0x0 C:/ST/STM32CubeIDE_1.16.0/STM32CubeIDE/plugins/com.st.stm32cube.ide.mcu.externaltools.gnu-tools-for-stm32.12.3.rel1.win32_1.0.200.202406191623/tools/bin/../lib/gcc/arm-none-eabi/12.3.1/thumb/v6-m/nofp/crtbegin.o
                0x20000008                        . = ALIGN (0x4)

.bss            0x20000008      0x168 load address 0x080020c0
                0x20000008                        _sbss = .
                0x20000008                        __bss_start__ = _sbss
 *(.bss)
 .bss           0x20000008       0x1c C:/ST/STM32CubeIDE_1.16.0/STM32CubeIDE/plugins/com.st.stm32cube.ide.mcu.externaltools.gnu-tools-for-stm32.12.3.rel1.win32_1.0.200.202406191623/tools/bin/../lib/gcc/arm-none-eabi/12.3.1/thumb/v6-m/nofp/crtbegin.o
 *(.bss*)
 .bss.ubButtonPress
                0x20000024        0x1 ./Core/Src/main.o
                0x20000024                ubButtonPress
 *fill*         0x20000025        0x3 
 .bss.RxRawData
                0x20000028      0x12c ./Core/Src/main.o
                0x20000028                RxRawData
 .bss.RxBuffer  0x20000154       0x10 ./Core/Src/main.o
                0x20000154                RxBuffer
 .bss.ProcessedData
                0x20000164        0x4 ./Core/Src/main.o
                0x20000164                ProcessedData
 .bss.IndexRxRawData
                0x20000168        0x1 ./Core/Src/main.o
                0x20000168                IndexRxRawData
 .bss.ubReceptionComplete
                0x20000169        0x1 ./Core/Src/main.o
                0x20000169                ubReceptionComplete
 .bss.DataUsed  0x2000016a        0x1 ./Core/Src/main.o
                0x2000016a                DataUsed
 *fill*         0x2000016b        0x1 
 .bss.a         0x2000016c        0x4 ./Core/Src/main.o
                0x2000016c                a
 *(COMMON)
                0x20000170                        . = ALIGN (0x4)
                0x20000170                        _ebss = .
                0x20000170                        __bss_end__ = _ebss

._user_heap_stack
                0x20000170      0x600 load address 0x080020c0
                0x20000170                        . = ALIGN (0x8)
                [!provide]                        PROVIDE (end = .)
                0x20000170                        PROVIDE (_end = .)
                0x20000370                        . = (. + _Min_Heap_Size)
 *fill*         0x20000170      0x200 
                0x20000770                        . = (. + _Min_Stack_Size)
 *fill*         0x20000370      0x400 
                0x20000770                        . = ALIGN (0x8)

/DISCARD/
 libc.a(*)
 libm.a(*)
 libgcc.a(*)

.ARM.attributes
                0x00000000       0x28
 *(.ARM.attributes)
 .ARM.attributes
                0x00000000       0x1e C:/ST/STM32CubeIDE_1.16.0/STM32CubeIDE/plugins/com.st.stm32cube.ide.mcu.externaltools.gnu-tools-for-stm32.12.3.rel1.win32_1.0.200.202406191623/tools/bin/../lib/gcc/arm-none-eabi/12.3.1/thumb/v6-m/nofp/crti.o
 .ARM.attributes
                0x0000001e       0x2c C:/ST/STM32CubeIDE_1.16.0/STM32CubeIDE/plugins/com.st.stm32cube.ide.mcu.externaltools.gnu-tools-for-stm32.12.3.rel1.win32_1.0.200.202406191623/tools/bin/../lib/gcc/arm-none-eabi/12.3.1/thumb/v6-m/nofp/crtbegin.o
 .ARM.attributes
                0x0000004a       0x2c ./Core/Src/main.o
 .ARM.attributes
                0x00000076       0x2c ./Core/Src/stm32g0xx_it.o
 .ARM.attributes
                0x000000a2       0x2c ./Core/Src/system_stm32g0xx.o
 .ARM.attributes
                0x000000ce       0x22 ./Core/Startup/startup_stm32g071rbtx.o
 .ARM.attributes
                0x000000f0       0x2c ./Drivers/STM32G0xx_HAL_Driver/Src/stm32g0xx_ll_gpio.o
 .ARM.attributes
                0x0000011c       0x2c ./Drivers/STM32G0xx_HAL_Driver/Src/stm32g0xx_ll_rcc.o
 .ARM.attributes
                0x00000148       0x2c ./Drivers/STM32G0xx_HAL_Driver/Src/stm32g0xx_ll_usart.o
 .ARM.attributes
                0x00000174       0x2c ./Drivers/STM32G0xx_HAL_Driver/Src/stm32g0xx_ll_utils.o
 .ARM.attributes
                0x000001a0       0x2c C:/ST/STM32CubeIDE_1.16.0/STM32CubeIDE/plugins/com.st.stm32cube.ide.mcu.externaltools.gnu-tools-for-stm32.12.3.rel1.win32_1.0.200.202406191623/tools/bin/../lib/gcc/arm-none-eabi/12.3.1/../../../../arm-none-eabi/lib/thumb/v6-m/nofp\libc_nano.a(libc_a-memset.o)
 .ARM.attributes
                0x000001cc       0x2c C:/ST/STM32CubeIDE_1.16.0/STM32CubeIDE/plugins/com.st.stm32cube.ide.mcu.externaltools.gnu-tools-for-stm32.12.3.rel1.win32_1.0.200.202406191623/tools/bin/../lib/gcc/arm-none-eabi/12.3.1/../../../../arm-none-eabi/lib/thumb/v6-m/nofp\libc_nano.a(libc_a-init.o)
 .ARM.attributes
                0x000001f8       0x1e C:/ST/STM32CubeIDE_1.16.0/STM32CubeIDE/plugins/com.st.stm32cube.ide.mcu.externaltools.gnu-tools-for-stm32.12.3.rel1.win32_1.0.200.202406191623/tools/bin/../lib/gcc/arm-none-eabi/12.3.1/thumb/v6-m/nofp\libgcc.a(_udivsi3.o)
 .ARM.attributes
                0x00000216       0x1e C:/ST/STM32CubeIDE_1.16.0/STM32CubeIDE/plugins/com.st.stm32cube.ide.mcu.externaltools.gnu-tools-for-stm32.12.3.rel1.win32_1.0.200.202406191623/tools/bin/../lib/gcc/arm-none-eabi/12.3.1/thumb/v6-m/nofp\libgcc.a(_dvmd_tls.o)
 .ARM.attributes
                0x00000234       0x1e C:/ST/STM32CubeIDE_1.16.0/STM32CubeIDE/plugins/com.st.stm32cube.ide.mcu.externaltools.gnu-tools-for-stm32.12.3.rel1.win32_1.0.200.202406191623/tools/bin/../lib/gcc/arm-none-eabi/12.3.1/thumb/v6-m/nofp/crtn.o
OUTPUT(WeightTransmission_Nucleo.elf elf32-littlearm)
LOAD linker stubs
LOAD C:/ST/STM32CubeIDE_1.16.0/STM32CubeIDE/plugins/com.st.stm32cube.ide.mcu.externaltools.gnu-tools-for-stm32.12.3.rel1.win32_1.0.200.202406191623/tools/bin/../lib/gcc/arm-none-eabi/12.3.1/../../../../arm-none-eabi/lib/thumb/v6-m/nofp\libc.a
LOAD C:/ST/STM32CubeIDE_1.16.0/STM32CubeIDE/plugins/com.st.stm32cube.ide.mcu.externaltools.gnu-tools-for-stm32.12.3.rel1.win32_1.0.200.202406191623/tools/bin/../lib/gcc/arm-none-eabi/12.3.1/../../../../arm-none-eabi/lib/thumb/v6-m/nofp\libm.a
LOAD C:/ST/STM32CubeIDE_1.16.0/STM32CubeIDE/plugins/com.st.stm32cube.ide.mcu.externaltools.gnu-tools-for-stm32.12.3.rel1.win32_1.0.200.202406191623/tools/bin/../lib/gcc/arm-none-eabi/12.3.1/thumb/v6-m/nofp\libgcc.a

.debug_info     0x00000000     0x4352
 .debug_info    0x00000000     0x1d7b ./Core/Src/main.o
 .debug_info    0x00001d7b      0x3f5 ./Core/Src/stm32g0xx_it.o
 .debug_info    0x00002170      0x2c1 ./Core/Src/system_stm32g0xx.o
 .debug_info    0x00002431       0x30 ./Core/Startup/startup_stm32g071rbtx.o
 .debug_info    0x00002461      0x594 ./Drivers/STM32G0xx_HAL_Driver/Src/stm32g0xx_ll_gpio.o
 .debug_info    0x000029f5      0x94c ./Drivers/STM32G0xx_HAL_Driver/Src/stm32g0xx_ll_rcc.o
 .debug_info    0x00003341      0x764 ./Drivers/STM32G0xx_HAL_Driver/Src/stm32g0xx_ll_usart.o
 .debug_info    0x00003aa5      0x8ad ./Drivers/STM32G0xx_HAL_Driver/Src/stm32g0xx_ll_utils.o

.debug_abbrev   0x00000000      0xee0
 .debug_abbrev  0x00000000      0x3f9 ./Core/Src/main.o
 .debug_abbrev  0x000003f9      0x1a8 ./Core/Src/stm32g0xx_it.o
 .debug_abbrev  0x000005a1      0x11b ./Core/Src/system_stm32g0xx.o
 .debug_abbrev  0x000006bc       0x24 ./Core/Startup/startup_stm32g071rbtx.o
 .debug_abbrev  0x000006e0      0x1a7 ./Drivers/STM32G0xx_HAL_Driver/Src/stm32g0xx_ll_gpio.o
 .debug_abbrev  0x00000887      0x228 ./Drivers/STM32G0xx_HAL_Driver/Src/stm32g0xx_ll_rcc.o
 .debug_abbrev  0x00000aaf      0x208 ./Drivers/STM32G0xx_HAL_Driver/Src/stm32g0xx_ll_usart.o
 .debug_abbrev  0x00000cb7      0x229 ./Drivers/STM32G0xx_HAL_Driver/Src/stm32g0xx_ll_utils.o

.debug_aranges  0x00000000      0x6d8
 .debug_aranges
                0x00000000      0x290 ./Core/Src/main.o
 .debug_aranges
                0x00000290       0x80 ./Core/Src/stm32g0xx_it.o
 .debug_aranges
                0x00000310       0x28 ./Core/Src/system_stm32g0xx.o
 .debug_aranges
                0x00000338       0x28 ./Core/Startup/startup_stm32g071rbtx.o
 .debug_aranges
                0x00000360       0x70 ./Drivers/STM32G0xx_HAL_Driver/Src/stm32g0xx_ll_gpio.o
 .debug_aranges
                0x000003d0      0x198 ./Drivers/STM32G0xx_HAL_Driver/Src/stm32g0xx_ll_rcc.o
 .debug_aranges
                0x00000568       0x88 ./Drivers/STM32G0xx_HAL_Driver/Src/stm32g0xx_ll_usart.o
 .debug_aranges
                0x000005f0       0xe8 ./Drivers/STM32G0xx_HAL_Driver/Src/stm32g0xx_ll_utils.o

.debug_rnglists
                0x00000000      0x50d
 .debug_rnglists
                0x00000000      0x1eb ./Core/Src/main.o
 .debug_rnglists
                0x000001eb       0x5b ./Core/Src/stm32g0xx_it.o
 .debug_rnglists
                0x00000246       0x1a ./Core/Src/system_stm32g0xx.o
 .debug_rnglists
                0x00000260       0x19 ./Core/Startup/startup_stm32g071rbtx.o
 .debug_rnglists
                0x00000279       0x51 ./Drivers/STM32G0xx_HAL_Driver/Src/stm32g0xx_ll_gpio.o
 .debug_rnglists
                0x000002ca      0x132 ./Drivers/STM32G0xx_HAL_Driver/Src/stm32g0xx_ll_rcc.o
 .debug_rnglists
                0x000003fc       0x64 ./Drivers/STM32G0xx_HAL_Driver/Src/stm32g0xx_ll_usart.o
 .debug_rnglists
                0x00000460       0xad ./Drivers/STM32G0xx_HAL_Driver/Src/stm32g0xx_ll_utils.o

.debug_macro    0x00000000    0x115b6
 .debug_macro   0x00000000      0x220 ./Core/Src/main.o
 .debug_macro   0x00000220      0xacc ./Core/Src/main.o
 .debug_macro   0x00000cec       0x2e ./Core/Src/main.o
 .debug_macro   0x00000d1a       0x28 ./Core/Src/main.o
 .debug_macro   0x00000d42       0x22 ./Core/Src/main.o
 .debug_macro   0x00000d64       0x8e ./Core/Src/main.o
 .debug_macro   0x00000df2       0x51 ./Core/Src/main.o
 .debug_macro   0x00000e43      0x103 ./Core/Src/main.o
 .debug_macro   0x00000f46       0x6a ./Core/Src/main.o
 .debug_macro   0x00000fb0      0x1df ./Core/Src/main.o
 .debug_macro   0x0000118f       0x1c ./Core/Src/main.o
 .debug_macro   0x000011ab       0x22 ./Core/Src/main.o
 .debug_macro   0x000011cd       0xd1 ./Core/Src/main.o
 .debug_macro   0x0000129e      0x4da ./Core/Src/main.o
 .debug_macro   0x00001778      0x11f ./Core/Src/main.o
 .debug_macro   0x00001897     0xc753 ./Core/Src/main.o
 .debug_macro   0x0000dfea       0x66 ./Core/Src/main.o
 .debug_macro   0x0000e050      0x426 ./Core/Src/main.o
 .debug_macro   0x0000e476      0x287 ./Core/Src/main.o
 .debug_macro   0x0000e6fd      0x574 ./Core/Src/main.o
 .debug_macro   0x0000ec71      0x12b ./Core/Src/main.o
 .debug_macro   0x0000ed9c      0x141 ./Core/Src/main.o
 .debug_macro   0x0000eedd      0x1c1 ./Core/Src/main.o
 .debug_macro   0x0000f09e      0x174 ./Core/Src/main.o
 .debug_macro   0x0000f212       0x5a ./Core/Src/main.o
 .debug_macro   0x0000f26c      0x1ce ./Core/Src/main.o
 .debug_macro   0x0000f43a      0x40f ./Core/Src/main.o
 .debug_macro   0x0000f849      0x131 ./Core/Src/main.o
 .debug_macro   0x0000f97a       0x46 ./Core/Src/main.o
 .debug_macro   0x0000f9c0       0x61 ./Core/Src/main.o
 .debug_macro   0x0000fa21       0x24 ./Core/Src/main.o
 .debug_macro   0x0000fa45       0x43 ./Core/Src/main.o
 .debug_macro   0x0000fa88       0x34 ./Core/Src/main.o
 .debug_macro   0x0000fabc      0x189 ./Core/Src/main.o
 .debug_macro   0x0000fc45       0x16 ./Core/Src/main.o
 .debug_macro   0x0000fc5b       0x43 ./Core/Src/main.o
 .debug_macro   0x0000fc9e       0x34 ./Core/Src/main.o
 .debug_macro   0x0000fcd2       0x10 ./Core/Src/main.o
 .debug_macro   0x0000fce2       0x58 ./Core/Src/main.o
 .debug_macro   0x0000fd3a       0x8e ./Core/Src/main.o
 .debug_macro   0x0000fdc8       0x1c ./Core/Src/main.o
 .debug_macro   0x0000fde4      0x177 ./Core/Src/main.o
 .debug_macro   0x0000ff5b      0x369 ./Core/Src/main.o
 .debug_macro   0x000102c4       0x10 ./Core/Src/main.o
 .debug_macro   0x000102d4       0x35 ./Core/Src/main.o
 .debug_macro   0x00010309       0x20 ./Core/Src/main.o
 .debug_macro   0x00010329      0x218 ./Core/Src/stm32g0xx_it.o
 .debug_macro   0x00010541       0xc3 ./Core/Src/system_stm32g0xx.o
 .debug_macro   0x00010604      0x105 ./Drivers/STM32G0xx_HAL_Driver/Src/stm32g0xx_ll_gpio.o
 .debug_macro   0x00010709      0x12b ./Drivers/STM32G0xx_HAL_Driver/Src/stm32g0xx_ll_gpio.o
 .debug_macro   0x00010834      0x108 ./Drivers/STM32G0xx_HAL_Driver/Src/stm32g0xx_ll_rcc.o
 .debug_macro   0x0001093c      0x56e ./Drivers/STM32G0xx_HAL_Driver/Src/stm32g0xx_ll_rcc.o
 .debug_macro   0x00010eaa      0x13e ./Drivers/STM32G0xx_HAL_Driver/Src/stm32g0xx_ll_usart.o
 .debug_macro   0x00010fe8      0x409 ./Drivers/STM32G0xx_HAL_Driver/Src/stm32g0xx_ll_usart.o
 .debug_macro   0x000113f1      0x171 ./Drivers/STM32G0xx_HAL_Driver/Src/stm32g0xx_ll_utils.o
 .debug_macro   0x00011562       0x54 ./Drivers/STM32G0xx_HAL_Driver/Src/stm32g0xx_ll_utils.o

.debug_line     0x00000000     0x4847
 .debug_line    0x00000000     0x1343 ./Core/Src/main.o
 .debug_line    0x00001343      0x916 ./Core/Src/stm32g0xx_it.o
 .debug_line    0x00001c59      0x56f ./Core/Src/system_stm32g0xx.o
 .debug_line    0x000021c8       0x7b ./Core/Startup/startup_stm32g071rbtx.o
 .debug_line    0x00002243      0x6e0 ./Drivers/STM32G0xx_HAL_Driver/Src/stm32g0xx_ll_gpio.o
 .debug_line    0x00002923      0xdf0 ./Drivers/STM32G0xx_HAL_Driver/Src/stm32g0xx_ll_rcc.o
 .debug_line    0x00003713      0x798 ./Drivers/STM32G0xx_HAL_Driver/Src/stm32g0xx_ll_usart.o
 .debug_line    0x00003eab      0x99c ./Drivers/STM32G0xx_HAL_Driver/Src/stm32g0xx_ll_utils.o

.debug_str      0x00000000    0x60f3d
 .debug_str     0x00000000    0x5e881 ./Core/Src/main.o
                              0x5eba0 (size before relaxing)
 .debug_str     0x0005e881      0x134 ./Core/Src/stm32g0xx_it.o
                              0x5dec1 (size before relaxing)
 .debug_str     0x0005e9b5       0x7e ./Core/Src/system_stm32g0xx.o
                              0x4f616 (size before relaxing)
 .debug_str     0x0005ea33       0x44 ./Core/Startup/startup_stm32g071rbtx.o
                                 0xa3 (size before relaxing)
 .debug_str     0x0005ea77      0x531 ./Drivers/STM32G0xx_HAL_Driver/Src/stm32g0xx_ll_gpio.o
                              0x50a3a (size before relaxing)
 .debug_str     0x0005efa8      0x88f ./Drivers/STM32G0xx_HAL_Driver/Src/stm32g0xx_ll_rcc.o
                              0x52c79 (size before relaxing)
 .debug_str     0x0005f837      0xab6 ./Drivers/STM32G0xx_HAL_Driver/Src/stm32g0xx_ll_usart.o
                              0x55072 (size before relaxing)
 .debug_str     0x000602ed      0xc50 ./Drivers/STM32G0xx_HAL_Driver/Src/stm32g0xx_ll_utils.o
                              0x546cf (size before relaxing)

.comment        0x00000000       0x43
 .comment       0x00000000       0x43 ./Core/Src/main.o
                                 0x44 (size before relaxing)
 .comment       0x00000043       0x44 ./Core/Src/stm32g0xx_it.o
 .comment       0x00000043       0x44 ./Core/Src/system_stm32g0xx.o
 .comment       0x00000043       0x44 ./Drivers/STM32G0xx_HAL_Driver/Src/stm32g0xx_ll_gpio.o
 .comment       0x00000043       0x44 ./Drivers/STM32G0xx_HAL_Driver/Src/stm32g0xx_ll_rcc.o
 .comment       0x00000043       0x44 ./Drivers/STM32G0xx_HAL_Driver/Src/stm32g0xx_ll_usart.o
 .comment       0x00000043       0x44 ./Drivers/STM32G0xx_HAL_Driver/Src/stm32g0xx_ll_utils.o

.debug_frame    0x00000000     0x1814
 .debug_frame   0x00000000      0x9ac ./Core/Src/main.o
 .debug_frame   0x000009ac      0x190 ./Core/Src/stm32g0xx_it.o
 .debug_frame   0x00000b3c       0x4c ./Core/Src/system_stm32g0xx.o
 .debug_frame   0x00000b88      0x170 ./Drivers/STM32G0xx_HAL_Driver/Src/stm32g0xx_ll_gpio.o
 .debug_frame   0x00000cf8      0x5bc ./Drivers/STM32G0xx_HAL_Driver/Src/stm32g0xx_ll_rcc.o
 .debug_frame   0x000012b4      0x1d0 ./Drivers/STM32G0xx_HAL_Driver/Src/stm32g0xx_ll_usart.o
 .debug_frame   0x00001484      0x324 ./Drivers/STM32G0xx_HAL_Driver/Src/stm32g0xx_ll_utils.o
 .debug_frame   0x000017a8       0x20 C:/ST/STM32CubeIDE_1.16.0/STM32CubeIDE/plugins/com.st.stm32cube.ide.mcu.externaltools.gnu-tools-for-stm32.12.3.rel1.win32_1.0.200.202406191623/tools/bin/../lib/gcc/arm-none-eabi/12.3.1/../../../../arm-none-eabi/lib/thumb/v6-m/nofp\libc_nano.a(libc_a-memset.o)
 .debug_frame   0x000017c8       0x2c C:/ST/STM32CubeIDE_1.16.0/STM32CubeIDE/plugins/com.st.stm32cube.ide.mcu.externaltools.gnu-tools-for-stm32.12.3.rel1.win32_1.0.200.202406191623/tools/bin/../lib/gcc/arm-none-eabi/12.3.1/../../../../arm-none-eabi/lib/thumb/v6-m/nofp\libc_nano.a(libc_a-init.o)
 .debug_frame   0x000017f4       0x20 C:/ST/STM32CubeIDE_1.16.0/STM32CubeIDE/plugins/com.st.stm32cube.ide.mcu.externaltools.gnu-tools-for-stm32.12.3.rel1.win32_1.0.200.202406191623/tools/bin/../lib/gcc/arm-none-eabi/12.3.1/thumb/v6-m/nofp\libgcc.a(_udivsi3.o)

.debug_line_str
                0x00000000       0x87
 .debug_line_str
                0x00000000       0x87 ./Core/Startup/startup_stm32g071rbtx.o
