../Drivers/CMSIS/Include/core_cm0plus.h:741:22:__NVIC_EnableIRQ	2
../Drivers/CMSIS/Include/core_cm0plus.h:850:22:__NVIC_SetPriority	2
../Drivers/STM32G0xx_HAL_Driver/Inc/stm32g0xx_ll_dma.h:500:22:LL_DMA_EnableChannel	1
../Drivers/STM32G0xx_HAL_Driver/Inc/stm32g0xx_ll_dma.h:520:22:LL_DMA_DisableChannel	1
../Drivers/STM32G0xx_HAL_Driver/Inc/stm32g0xx_ll_dma.h:603:22:LL_DMA_SetDataTransferDirection	1
../Drivers/STM32G0xx_HAL_Driver/Inc/stm32g0xx_ll_dma.h:628:26:LL_DMA_GetDataTransferDirection	1
../Drivers/STM32G0xx_HAL_Driver/Inc/stm32g0xx_ll_dma.h:654:22:LL_DMA_SetMode	1
../Drivers/STM32G0xx_HAL_Driver/Inc/stm32g0xx_ll_dma.h:701:22:LL_DMA_SetPeriphIncMode	1
../Drivers/STM32G0xx_HAL_Driver/Inc/stm32g0xx_ll_dma.h:748:22:LL_DMA_SetMemoryIncMode	1
../Drivers/STM32G0xx_HAL_Driver/Inc/stm32g0xx_ll_dma.h:796:22:LL_DMA_SetPeriphSize	1
../Drivers/STM32G0xx_HAL_Driver/Inc/stm32g0xx_ll_dma.h:845:22:LL_DMA_SetMemorySize	1
../Drivers/STM32G0xx_HAL_Driver/Inc/stm32g0xx_ll_dma.h:895:22:LL_DMA_SetChannelPriorityLevel	1
../Drivers/STM32G0xx_HAL_Driver/Inc/stm32g0xx_ll_dma.h:944:22:LL_DMA_SetDataLength	1
../Drivers/STM32G0xx_HAL_Driver/Inc/stm32g0xx_ll_dma.h:997:22:LL_DMA_ConfigAddresses	2
../Drivers/STM32G0xx_HAL_Driver/Inc/stm32g0xx_ll_dma.h:1270:22:LL_DMA_SetPeriphRequest	1
../Drivers/STM32G0xx_HAL_Driver/Inc/stm32g0xx_ll_dma.h:2065:22:LL_DMA_EnableIT_TC	1
../Drivers/STM32G0xx_HAL_Driver/Inc/stm32g0xx_ll_dma.h:2105:22:LL_DMA_EnableIT_TE	1
../Drivers/STM32G0xx_HAL_Driver/Inc/stm32g0xx_ll_rcc.h:1347:22:LL_RCC_HSI_Enable	1
../Drivers/STM32G0xx_HAL_Driver/Inc/stm32g0xx_ll_rcc.h:1367:26:LL_RCC_HSI_IsReady	2
../Drivers/STM32G0xx_HAL_Driver/Inc/stm32g0xx_ll_rcc.h:1688:22:LL_RCC_SetSysClkSource	1
../Drivers/STM32G0xx_HAL_Driver/Inc/stm32g0xx_ll_rcc.h:1703:26:LL_RCC_GetSysClkSource	1
../Drivers/STM32G0xx_HAL_Driver/Inc/stm32g0xx_ll_rcc.h:1723:22:LL_RCC_SetAHBPrescaler	1
../Drivers/STM32G0xx_HAL_Driver/Inc/stm32g0xx_ll_rcc.h:1739:22:LL_RCC_SetAPB1Prescaler	1
../Drivers/STM32G0xx_HAL_Driver/Inc/stm32g0xx_ll_rcc.h:1935:22:LL_RCC_SetUSARTClockSource	1
../Drivers/STM32G0xx_HAL_Driver/Inc/stm32g0xx_ll_bus.h:250:22:LL_AHB1_GRP1_EnableClock	1
../Drivers/STM32G0xx_HAL_Driver/Inc/stm32g0xx_ll_bus.h:467:22:LL_APB1_GRP1_EnableClock	1
../Drivers/STM32G0xx_HAL_Driver/Inc/stm32g0xx_ll_bus.h:921:22:LL_APB2_GRP1_EnableClock	1
../Drivers/STM32G0xx_HAL_Driver/Inc/stm32g0xx_ll_bus.h:1135:22:LL_IOP_GRP1_EnableClock	1
../Drivers/STM32G0xx_HAL_Driver/Inc/stm32g0xx_ll_system.h:510:22:LL_SYSCFG_DisableDBATT	1
../Drivers/STM32G0xx_HAL_Driver/Inc/stm32g0xx_ll_exti.h:334:22:LL_EXTI_EnableIT_0_31	1
../Drivers/STM32G0xx_HAL_Driver/Inc/stm32g0xx_ll_exti.h:911:22:LL_EXTI_EnableFallingTrig_0_31	1
../Drivers/STM32G0xx_HAL_Driver/Inc/stm32g0xx_ll_exti.h:1470:22:LL_EXTI_SetEXTISource	1
../Drivers/STM32G0xx_HAL_Driver/Inc/stm32g0xx_ll_usart.h:634:22:LL_USART_Enable	1
../Drivers/STM32G0xx_HAL_Driver/Inc/stm32g0xx_ll_usart.h:685:22:LL_USART_DisableFIFO	1
../Drivers/STM32G0xx_HAL_Driver/Inc/stm32g0xx_ll_usart.h:718:22:LL_USART_SetTXFIFOThreshold	1
../Drivers/STM32G0xx_HAL_Driver/Inc/stm32g0xx_ll_usart.h:757:22:LL_USART_SetRXFIFOThreshold	1
../Drivers/STM32G0xx_HAL_Driver/Inc/stm32g0xx_ll_usart.h:2673:22:LL_USART_ConfigAsyncMode	1
../Drivers/STM32G0xx_HAL_Driver/Inc/stm32g0xx_ll_usart.h:3193:26:LL_USART_IsActiveFlag_TEACK	2
../Drivers/STM32G0xx_HAL_Driver/Inc/stm32g0xx_ll_usart.h:3204:26:LL_USART_IsActiveFlag_REACK	2
../Drivers/STM32G0xx_HAL_Driver/Inc/stm32g0xx_ll_usart.h:4116:22:LL_USART_EnableDMAReq_RX	1
../Drivers/STM32G0xx_HAL_Driver/Inc/stm32g0xx_ll_usart.h:4219:26:LL_USART_DMA_GetRegAddr	2
../Drivers/STM32G0xx_HAL_Driver/Inc/stm32g0xx_ll_gpio.h:283:22:LL_GPIO_SetPinMode	1
../Drivers/STM32G0xx_HAL_Driver/Inc/stm32g0xx_ll_gpio.h:491:22:LL_GPIO_SetPinPull	1
../Drivers/STM32G0xx_HAL_Driver/Inc/stm32g0xx_ll_gpio.h:857:22:LL_GPIO_SetOutputPin	1
../Drivers/STM32G0xx_HAL_Driver/Inc/stm32g0xx_ll_gpio.h:886:22:LL_GPIO_ResetOutputPin	1
../Drivers/STM32G0xx_HAL_Driver/Inc/stm32g0xx_ll_gpio.h:915:22:LL_GPIO_TogglePin	1
../Core/Src/main.c:81:5:main	1
../Core/Src/main.c:148:6:SystemClock_Config	3
../Core/Src/main.c:177:13:MX_USART2_UART_Init	3
../Core/Src/main.c:301:13:MX_DMA_Init	1
../Core/Src/main.c:323:13:MX_GPIO_Init	1
../Core/Src/main.c:355:6:UserButton_Init	1
../Core/Src/main.c:376:6:LED_On	1
../Core/Src/main.c:382:6:LED_Off	1
../Core/Src/main.c:388:6:LED_Blinking	1
../Core/Src/main.c:399:6:WaitForUserButtonPress	2
../Core/Src/main.c:410:6:StartTransfer	1
../Core/Src/main.c:424:6:WaitAndCheckEndOfTransfer	2
../Core/Src/main.c:443:9:CheckForFullness	1
../Core/Src/main.c:451:6:DMA1_ReceiveComplete_Callback	1
../Core/Src/main.c:456:6:UserButton_Callback	1
../Core/Src/main.c:468:6:USART_TransferError_Callback	1
../Core/Src/main.c:480:6:Error_Handler	1
