../Drivers/STM32G0xx_HAL_Driver/Inc/stm32g0xx_ll_dma.h:1466:26:LL_DMA_IsActiveFlag_TC2	16	static
../Drivers/STM32G0xx_HAL_Driver/Inc/stm32g0xx_ll_dma.h:1628:26:LL_DMA_IsActiveFlag_TE2	16	static
../Drivers/STM32G0xx_HAL_Driver/Inc/stm32g0xx_ll_dma.h:1818:22:LL_DMA_ClearFlag_TC2	16	static
../Drivers/STM32G0xx_HAL_Driver/Inc/stm32g0xx_ll_exti.h:1145:26:LL_EXTI_IsActiveFallingFlag_0_31	16	static
../Drivers/STM32G0xx_HAL_Driver/Inc/stm32g0xx_ll_exti.h:1247:22:LL_EXTI_ClearFallingFlag_0_31	16	static
../Core/Src/stm32g0xx_it.c:69:6:NMI_Handler	8	static
../Core/Src/stm32g0xx_it.c:84:6:HardFault_Handler	8	static
../Core/Src/stm32g0xx_it.c:99:6:SVC_Handler	8	static
../Core/Src/stm32g0xx_it.c:112:6:PendSV_Handler	8	static
../Core/Src/stm32g0xx_it.c:125:6:SysTick_Handler	8	static
../Core/Src/stm32g0xx_it.c:146:6:DMA1_Channel1_IRQHandler	8	static
../Core/Src/stm32g0xx_it.c:160:6:DMA1_Channel2_3_IRQHandler	8	static
../Core/Src/stm32g0xx_it.c:185:6:USART2_IRQHandler	8	static
../Core/Src/stm32g0xx_it.c:196:6:EXTI4_15_IRQHandler	8	static
